
> trade-sim-india@0.1.0 build
> next build

Γû▓ Next.js 16.1.6 (Turbopack)
- Environments: .env.local

  Creating an optimized production build ...
node.exe : 
At line:1 char:1
+ & "C:\Program Files\nodejs/node.exe" "C:\Program Files\nodejs/node_mo ...
+ ~~~~~~~~~~~~~~~~~~~~~~~~~~~~~~~~~~~~~~~~~~~~~~~~~~~~~~~~~~~~~~~~~~~~~
    + CategoryInfo          : NotSpecified: (:String) [], RemoteException
    + FullyQualifiedErrorId : NativeCommandError
 
> Build error occurred
Error: Turbopack build failed with 115 errors:
./src/app/api/chart/route.ts
Specified module format (CommonJs) is not matching the module format of the source code (EcmaScript Modules)
The CommonJs module format was specified in the package.json that is affecting this source file or by using an special extension, but Ecmascript 
import/export syntax is used in the source code.
The module was automatically converted to an EcmaScript module, but that is in conflict with the specified module format. Either change the "type" 
field in the package.json or replace EcmaScript import/export syntax with CommonJs syntas in the source file.
In some cases EcmaScript import/export syntax is added by an transform and isn't actually part of the source code. In these cases revisit 
transformation options to inject the correct syntax.


./src/app/api/cron/leaderboard/route.ts
Specified module format (CommonJs) is not matching the module format of the source code (EcmaScript Modules)
The CommonJs module format was specified in the package.json that is affecting this source file or by using an special extension, but Ecmascript 
import/export syntax is used in the source code.
The module was automatically converted to an EcmaScript module, but that is in conflict with the specified module format. Either change the "type" 
field in the package.json or replace EcmaScript import/export syntax with CommonJs syntas in the source file.
In some cases EcmaScript import/export syntax is added by an transform and isn't actually part of the source code. In these cases revisit 
transformation options to inject the correct syntax.


./src/app/api/history/route.ts
Specified module format (CommonJs) is not matching the module format of the source code (EcmaScript Modules)
The CommonJs module format was specified in the package.json that is affecting this source file or by using an special extension, but Ecmascript 
import/export syntax is used in the source code.
The module was automatically converted to an EcmaScript module, but that is in conflict with the specified module format. Either change the "type" 
field in the package.json or replace EcmaScript import/export syntax with CommonJs syntas in the source file.
In some cases EcmaScript import/export syntax is added by an transform and isn't actually part of the source code. In these cases revisit 
transformation options to inject the correct syntax.


./src/app/api/journal/analytics/route.ts
Specified module format (CommonJs) is not matching the module format of the source code (EcmaScript Modules)
The CommonJs module format was specified in the package.json that is affecting this source file or by using an special extension, but Ecmascript 
import/export syntax is used in the source code.
The module was automatically converted to an EcmaScript module, but that is in conflict with the specified module format. Either change the "type" 
field in the package.json or replace EcmaScript import/export syntax with CommonJs syntas in the source file.
In some cases EcmaScript import/export syntax is added by an transform and isn't actually part of the source code. In these cases revisit 
transformation options to inject the correct syntax.


./src/app/api/journal/route.ts
Specified module format (CommonJs) is not matching the module format of the source code (EcmaScript Modules)
The CommonJs module format was specified in the package.json that is affecting this source file or by using an special extension, but Ecmascript 
import/export syntax is used in the source code.
The module was automatically converted to an EcmaScript module, but that is in conflict with the specified module format. Either change the "type" 
field in the package.json or replace EcmaScript import/export syntax with CommonJs syntas in the source file.
In some cases EcmaScript import/export syntax is added by an transform and isn't actually part of the source code. In these cases revisit 
transformation options to inject the correct syntax.


./src/app/api/layouts/route.ts
Specified module format (CommonJs) is not matching the module format of the source code (EcmaScript Modules)
The CommonJs module format was specified in the package.json that is affecting this source file or by using an special extension, but Ecmascript 
import/export syntax is used in the source code.
The module was automatically converted to an EcmaScript module, but that is in conflict with the specified module format. Either change the "type" 
field in the package.json or replace EcmaScript import/export syntax with CommonJs syntas in the source file.
In some cases EcmaScript import/export syntax is added by an transform and isn't actually part of the source code. In these cases revisit 
transformation options to inject the correct syntax.


./src/app/api/leaderboard/route.ts
Specified module format (CommonJs) is not matching the module format of the source code (EcmaScript Modules)
The CommonJs module format was specified in the package.json that is affecting this source file or by using an special extension, but Ecmascript 
import/export syntax is used in the source code.
The module was automatically converted to an EcmaScript module, but that is in conflict with the specified module format. Either change the "type" 
field in the package.json or replace EcmaScript import/export syntax with CommonJs syntas in the source file.
In some cases EcmaScript import/export syntax is added by an transform and isn't actually part of the source code. In these cases revisit 
transformation options to inject the correct syntax.


./src/app/api/market-data/route.ts
Specified module format (CommonJs) is not matching the module format of the source code (EcmaScript Modules)
The CommonJs module format was specified in the package.json that is affecting this source file or by using an special extension, but Ecmascript 
import/export syntax is used in the source code.
The module was automatically converted to an EcmaScript module, but that is in conflict with the specified module format. Either change the "type" 
field in the package.json or replace EcmaScript import/export syntax with CommonJs syntas in the source file.
In some cases EcmaScript import/export syntax is added by an transform and isn't actually part of the source code. In these cases revisit 
transformation options to inject the correct syntax.


./src/app/api/options-chain/route.ts
Specified module format (CommonJs) is not matching the module format of the source code (EcmaScript Modules)
The CommonJs module format was specified in the package.json that is affecting this source file or by using an special extension, but Ecmascript 
import/export syntax is used in the source code.
The module was automatically converted to an EcmaScript module, but that is in conflict with the specified module format. Either change the "type" 
field in the package.json or replace EcmaScript import/export syntax with CommonJs syntas in the source file.
In some cases EcmaScript import/export syntax is added by an transform and isn't actually part of the source code. In these cases revisit 
transformation options to inject the correct syntax.


./src/app/api/orders/route.ts
Specified module format (CommonJs) is not matching the module format of the source code (EcmaScript Modules)
The CommonJs module format was specified in the package.json that is affecting this source file or by using an special extension, but Ecmascript 
import/export syntax is used in the source code.
The module was automatically converted to an EcmaScript module, but that is in conflict with the specified module format. Either change the "type" 
field in the package.json or replace EcmaScript import/export syntax with CommonJs syntas in the source file.
In some cases EcmaScript import/export syntax is added by an transform and isn't actually part of the source code. In these cases revisit 
transformation options to inject the correct syntax.


./src/app/api/portfolio/route.ts
Specified module format (CommonJs) is not matching the module format of the source code (EcmaScript Modules)
The CommonJs module format was specified in the package.json that is affecting this source file or by using an special extension, but Ecmascript 
import/export syntax is used in the source code.
The module was automatically converted to an EcmaScript module, but that is in conflict with the specified module format. Either change the "type" 
field in the package.json or replace EcmaScript import/export syntax with CommonJs syntas in the source file.
In some cases EcmaScript import/export syntax is added by an transform and isn't actually part of the source code. In these cases revisit 
transformation options to inject the correct syntax.


./src/app/api/profile/[username]/follow/route.ts
Specified module format (CommonJs) is not matching the module format of the source code (EcmaScript Modules)
The CommonJs module format was specified in the package.json that is affecting this source file or by using an special extension, but Ecmascript 
import/export syntax is used in the source code.
The module was automatically converted to an EcmaScript module, but that is in conflict with the specified module format. Either change the "type" 
field in the package.json or replace EcmaScript import/export syntax with CommonJs syntas in the source file.
In some cases EcmaScript import/export syntax is added by an transform and isn't actually part of the source code. In these cases revisit 
transformation options to inject the correct syntax.


./src/app/api/profile/[username]/route.ts
Specified module format (CommonJs) is not matching the module format of the source code (EcmaScript Modules)
The CommonJs module format was specified in the package.json that is affecting this source file or by using an special extension, but Ecmascript 
import/export syntax is used in the source code.
The module was automatically converted to an EcmaScript module, but that is in conflict with the specified module format. Either change the "type" 
field in the package.json or replace EcmaScript import/export syntax with CommonJs syntas in the source file.
In some cases EcmaScript import/export syntax is added by an transform and isn't actually part of the source code. In these cases revisit 
transformation options to inject the correct syntax.


./src/app/api/settings/export/route.ts
Specified module format (CommonJs) is not matching the module format of the source code (EcmaScript Modules)
The CommonJs module format was specified in the package.json that is affecting this source file or by using an special extension, but Ecmascript 
import/export syntax is used in the source code.
The module was automatically converted to an EcmaScript module, but that is in conflict with the specified module format. Either change the "type" 
field in the package.json or replace EcmaScript import/export syntax with CommonJs syntas in the source file.
In some cases EcmaScript import/export syntax is added by an transform and isn't actually part of the source code. In these cases revisit 
transformation options to inject the correct syntax.


./src/app/api/settings/reset/route.ts
Specified module format (CommonJs) is not matching the module format of the source code (EcmaScript Modules)
The CommonJs module format was specified in the package.json that is affecting this source file or by using an special extension, but Ecmascript 
import/export syntax is used in the source code.
The module was automatically converted to an EcmaScript module, but that is in conflict with the specified module format. Either change the "type" 
field in the package.json or replace EcmaScript import/export syntax with CommonJs syntas in the source file.
In some cases EcmaScript import/export syntax is added by an transform and isn't actually part of the source code. In these cases revisit 
transformation options to inject the correct syntax.


./src/app/api/settings/route.ts
Specified module format (CommonJs) is not matching the module format of the source code (EcmaScript Modules)
The CommonJs module format was specified in the package.json that is affecting this source file or by using an special extension, but Ecmascript 
import/export syntax is used in the source code.
The module was automatically converted to an EcmaScript module, but that is in conflict with the specified module format. Either change the "type" 
field in the package.json or replace EcmaScript import/export syntax with CommonJs syntas in the source file.
In some cases EcmaScript import/export syntax is added by an transform and isn't actually part of the source code. In these cases revisit 
transformation options to inject the correct syntax.


./src/app/api/test-db/route.ts
Specified module format (CommonJs) is not matching the module format of the source code (EcmaScript Modules)
The CommonJs module format was specified in the package.json that is affecting this source file or by using an special extension, but Ecmascript 
import/export syntax is used in the source code.
The module was automatically converted to an EcmaScript module, but that is in conflict with the specified module format. Either change the "type" 
field in the package.json or replace EcmaScript import/export syntax with CommonJs syntas in the source file.
In some cases EcmaScript import/export syntax is added by an transform and isn't actually part of the source code. In these cases revisit 
transformation options to inject the correct syntax.


./src/app/api/trade/execute-pending/route.ts
Specified module format (CommonJs) is not matching the module format of the source code (EcmaScript Modules)
The CommonJs module format was specified in the package.json that is affecting this source file or by using an special extension, but Ecmascript 
import/export syntax is used in the source code.
The module was automatically converted to an EcmaScript module, but that is in conflict with the specified module format. Either change the "type" 
field in the package.json or replace EcmaScript import/export syntax with CommonJs syntas in the source file.
In some cases EcmaScript import/export syntax is added by an transform and isn't actually part of the source code. In these cases revisit 
transformation options to inject the correct syntax.


./src/app/api/trade/modify-position/route.ts
Specified module format (CommonJs) is not matching the module format of the source code (EcmaScript Modules)
The CommonJs module format was specified in the package.json that is affecting this source file or by using an special extension, but Ecmascript 
import/export syntax is used in the source code.
The module was automatically converted to an EcmaScript module, but that is in conflict with the specified module format. Either change the "type" 
field in the package.json or replace EcmaScript import/export syntax with CommonJs syntas in the source file.
In some cases EcmaScript import/export syntax is added by an transform and isn't actually part of the source code. In these cases revisit 
transformation options to inject the correct syntax.


./src/app/api/trade/route.ts
Specified module format (CommonJs) is not matching the module format of the source code (EcmaScript Modules)
The CommonJs module format was specified in the package.json that is affecting this source file or by using an special extension, but Ecmascript 
import/export syntax is used in the source code.
The module was automatically converted to an EcmaScript module, but that is in conflict with the specified module format. Either change the "type" 
field in the package.json or replace EcmaScript import/export syntax with CommonJs syntas in the source file.
In some cases EcmaScript import/export syntax is added by an transform and isn't actually part of the source code. In these cases revisit 
transformation options to inject the correct syntax.


./src/app/api/trade/settle/route.ts
Specified module format (CommonJs) is not matching the module format of the source code (EcmaScript Modules)
The CommonJs module format was specified in the package.json that is affecting this source file or by using an special extension, but Ecmascript 
import/export syntax is used in the source code.
The module was automatically converted to an EcmaScript module, but that is in conflict with the specified module format. Either change the "type" 
field in the package.json or replace EcmaScript import/export syntax with CommonJs syntas in the source file.
In some cases EcmaScript import/export syntax is added by an transform and isn't actually part of the source code. In these cases revisit 
transformation options to inject the correct syntax.


./src/app/api/watchlist/route.ts
Specified module format (CommonJs) is not matching the module format of the source code (EcmaScript Modules)
The CommonJs module format was specified in the package.json that is affecting this source file or by using an special extension, but Ecmascript 
import/export syntax is used in the source code.
The module was automatically converted to an EcmaScript module, but that is in conflict with the specified module format. Either change the "type" 
field in the package.json or replace EcmaScript import/export syntax with CommonJs syntas in the source file.
In some cases EcmaScript import/export syntax is added by an transform and isn't actually part of the source code. In these cases revisit 
transformation options to inject the correct syntax.


./src/app/auth/callback/route.ts
Specified module format (CommonJs) is not matching the module format of the source code (EcmaScript Modules)
The CommonJs module format was specified in the package.json that is affecting this source file or by using an special extension, but Ecmascript 
import/export syntax is used in the source code.
The module was automatically converted to an EcmaScript module, but that is in conflict with the specified module format. Either change the "type" 
field in the package.json or replace EcmaScript import/export syntax with CommonJs syntas in the source file.
In some cases EcmaScript import/export syntax is added by an transform and isn't actually part of the source code. In these cases revisit 
transformation options to inject the correct syntax.


./src/app/dashboard/fno/page.tsx
Specified module format (CommonJs) is not matching the module format of the source code (EcmaScript Modules)
The CommonJs module format was specified in the package.json that is affecting this source file or by using an special extension, but Ecmascript 
import/export syntax is used in the source code.
The module was automatically converted to an EcmaScript module, but that is in conflict with the specified module format. Either change the "type" 
field in the package.json or replace EcmaScript import/export syntax with CommonJs syntas in the source file.
In some cases EcmaScript import/export syntax is added by an transform and isn't actually part of the source code. In these cases revisit 
transformation options to inject the correct syntax.

Import traces:
  Client Component Browser:
    ./src/app/dashboard/fno/page.tsx [Client Component Browser]
    ./src/app/dashboard/fno/page.tsx [Server Component]

  Client Component SSR:
    ./src/app/dashboard/fno/page.tsx [Client Component SSR]
    ./src/app/dashboard/fno/page.tsx [Server Component]


./src/app/dashboard/futures/page.tsx
Specified module format (CommonJs) is not matching the module format of the source code (EcmaScript Modules)
The CommonJs module format was specified in the package.json that is affecting this source file or by using an special extension, but Ecmascript 
import/export syntax is used in the source code.
The module was automatically converted to an EcmaScript module, but that is in conflict with the specified module format. Either change the "type" 
field in the package.json or replace EcmaScript import/export syntax with CommonJs syntas in the source file.
In some cases EcmaScript import/export syntax is added by an transform and isn't actually part of the source code. In these cases revisit 
transformation options to inject the correct syntax.


./src/app/dashboard/journal/page.tsx
Specified module format (CommonJs) is not matching the module format of the source code (EcmaScript Modules)
The CommonJs module format was specified in the package.json that is affecting this source file or by using an special extension, but Ecmascript 
import/export syntax is used in the source code.
The module was automatically converted to an EcmaScript module, but that is in conflict with the specified module format. Either change the "type" 
field in the package.json or replace EcmaScript import/export syntax with CommonJs syntas in the source file.
In some cases EcmaScript import/export syntax is added by an transform and isn't actually part of the source code. In these cases revisit 
transformation options to inject the correct syntax.

Import traces:
  Client Component Browser:
    ./src/app/dashboard/journal/page.tsx [Client Component Browser]
    ./src/app/dashboard/journal/page.tsx [Server Component]

  Client Component SSR:
    ./src/app/dashboard/journal/page.tsx [Client Component SSR]
    ./src/app/dashboard/journal/page.tsx [Server Component]


./src/app/dashboard/layout.tsx
Specified module format (CommonJs) is not matching the module format of the source code (EcmaScript Modules)
The CommonJs module format was specified in the package.json that is affecting this source file or by using an special extension, but Ecmascript 
import/export syntax is used in the source code.
The module was automatically converted to an EcmaScript module, but that is in conflict with the specified module format. Either change the "type" 
field in the package.json or replace EcmaScript import/export syntax with CommonJs syntas in the source file.
In some cases EcmaScript import/export syntax is added by an transform and isn't actually part of the source code. In these cases revisit 
transformation options to inject the correct syntax.


./src/app/dashboard/leaderboard/components/HeroHeader.tsx
Specified module format (CommonJs) is not matching the module format of the source code (EcmaScript Modules)
The CommonJs module format was specified in the package.json that is affecting this source file or by using an special extension, but Ecmascript 
import/export syntax is used in the source code.
The module was automatically converted to an EcmaScript module, but that is in conflict with the specified module format. Either change the "type" 
field in the package.json or replace EcmaScript import/export syntax with CommonJs syntas in the source file.
In some cases EcmaScript import/export syntax is added by an transform and isn't actually part of the source code. In these cases revisit 
transformation options to inject the correct syntax.

Import traces:
  Client Component Browser:
    ./src/app/dashboard/leaderboard/components/HeroHeader.tsx [Client Component Browser]
    ./src/app/dashboard/leaderboard/page.tsx [Client Component Browser]
    ./src/app/dashboard/leaderboard/page.tsx [Server Component]

  Client Component SSR:
    ./src/app/dashboard/leaderboard/components/HeroHeader.tsx [Client Component SSR]
    ./src/app/dashboard/leaderboard/page.tsx [Client Component SSR]
    ./src/app/dashboard/leaderboard/page.tsx [Server Component]


./src/app/dashboard/leaderboard/components/ProfilePreviewModal.tsx
Specified module format (CommonJs) is not matching the module format of the source code (EcmaScript Modules)
The CommonJs module format was specified in the package.json that is affecting this source file or by using an special extension, but Ecmascript 
import/export syntax is used in the source code.
The module was automatically converted to an EcmaScript module, but that is in conflict with the specified module format. Either change the "type" 
field in the package.json or replace EcmaScript import/export syntax with CommonJs syntas in the source file.
In some cases EcmaScript import/export syntax is added by an transform and isn't actually part of the source code. In these cases revisit 
transformation options to inject the correct syntax.

Import traces:
  Client Component Browser:
    ./src/app/dashboard/leaderboard/components/ProfilePreviewModal.tsx [Client Component Browser]
    ./src/app/dashboard/leaderboard/page.tsx [Client Component Browser]
    ./src/app/dashboard/leaderboard/page.tsx [Server Component]

  Client Component SSR:
    ./src/app/dashboard/leaderboard/components/ProfilePreviewModal.tsx [Client Component SSR]
    ./src/app/dashboard/leaderboard/page.tsx [Client Component SSR]
    ./src/app/dashboard/leaderboard/page.tsx [Server Component]


./src/app/dashboard/leaderboard/components/StickyRank.tsx
Specified module format (CommonJs) is not matching the module format of the source code (EcmaScript Modules)
The CommonJs module format was specified in the package.json that is affecting this source file or by using an special extension, but Ecmascript 
import/export syntax is used in the source code.
The module was automatically converted to an EcmaScript module, but that is in conflict with the specified module format. Either change the "type" 
field in the package.json or replace EcmaScript import/export syntax with CommonJs syntas in the source file.
In some cases EcmaScript import/export syntax is added by an transform and isn't actually part of the source code. In these cases revisit 
transformation options to inject the correct syntax.

Import traces:
  Client Component Browser:
    ./src/app/dashboard/leaderboard/components/StickyRank.tsx [Client Component Browser]
    ./src/app/dashboard/leaderboard/page.tsx [Client Component Browser]
    ./src/app/dashboard/leaderboard/page.tsx [Server Component]

  Client Component SSR:
    ./src/app/dashboard/leaderboard/components/StickyRank.tsx [Client Component SSR]
    ./src/app/dashboard/leaderboard/page.tsx [Client Component SSR]
    ./src/app/dashboard/leaderboard/page.tsx [Server Component]


./src/app/dashboard/leaderboard/components/TopPodium.tsx
Specified module format (CommonJs) is not matching the module format of the source code (EcmaScript Modules)
The CommonJs module format was specified in the package.json that is affecting this source file or by using an special extension, but Ecmascript 
import/export syntax is used in the source code.
The module was automatically converted to an EcmaScript module, but that is in conflict with the specified module format. Either change the "type" 
field in the package.json or replace EcmaScript import/export syntax with CommonJs syntas in the source file.
In some cases EcmaScript import/export syntax is added by an transform and isn't actually part of the source code. In these cases revisit 
transformation options to inject the correct syntax.

Import traces:
  Client Component Browser:
    ./src/app/dashboard/leaderboard/components/TopPodium.tsx [Client Component Browser]
    ./src/app/dashboard/leaderboard/page.tsx [Client Component Browser]
    ./src/app/dashboard/leaderboard/page.tsx [Server Component]

  Client Component SSR:
    ./src/app/dashboard/leaderboard/components/TopPodium.tsx [Client Component SSR]
    ./src/app/dashboard/leaderboard/page.tsx [Client Component SSR]
    ./src/app/dashboard/leaderboard/page.tsx [Server Component]


./src/app/dashboard/leaderboard/page.tsx
Specified module format (CommonJs) is not matching the module format of the source code (EcmaScript Modules)
The CommonJs module format was specified in the package.json that is affecting this source file or by using an special extension, but Ecmascript 
import/export syntax is used in the source code.
The module was automatically converted to an EcmaScript module, but that is in conflict with the specified module format. Either change the "type" 
field in the package.json or replace EcmaScript import/export syntax with CommonJs syntas in the source file.
In some cases EcmaScript import/export syntax is added by an transform and isn't actually part of the source code. In these cases revisit 
transformation options to inject the correct syntax.

Import traces:
  Client Component Browser:
    ./src/app/dashboard/leaderboard/page.tsx [Client Component Browser]
    ./src/app/dashboard/leaderboard/page.tsx [Server Component]

  Client Component SSR:
    ./src/app/dashboard/leaderboard/page.tsx [Client Component SSR]
    ./src/app/dashboard/leaderboard/page.tsx [Server Component]


./src/app/dashboard/options/chain/page.tsx
Specified module format (CommonJs) is not matching the module format of the source code (EcmaScript Modules)
The CommonJs module format was specified in the package.json that is affecting this source file or by using an special extension, but Ecmascript 
import/export syntax is used in the source code.
The module was automatically converted to an EcmaScript module, but that is in conflict with the specified module format. Either change the "type" 
field in the package.json or replace EcmaScript import/export syntax with CommonJs syntas in the source file.
In some cases EcmaScript import/export syntax is added by an transform and isn't actually part of the source code. In these cases revisit 
transformation options to inject the correct syntax.


./src/app/dashboard/options/page.tsx
Specified module format (CommonJs) is not matching the module format of the source code (EcmaScript Modules)
The CommonJs module format was specified in the package.json that is affecting this source file or by using an special extension, but Ecmascript 
import/export syntax is used in the source code.
The module was automatically converted to an EcmaScript module, but that is in conflict with the specified module format. Either change the "type" 
field in the package.json or replace EcmaScript import/export syntax with CommonJs syntas in the source file.
In some cases EcmaScript import/export syntax is added by an transform and isn't actually part of the source code. In these cases revisit 
transformation options to inject the correct syntax.


./src/app/dashboard/orders/page.tsx
Specified module format (CommonJs) is not matching the module format of the source code (EcmaScript Modules)
The CommonJs module format was specified in the package.json that is affecting this source file or by using an special extension, but Ecmascript 
import/export syntax is used in the source code.
The module was automatically converted to an EcmaScript module, but that is in conflict with the specified module format. Either change the "type" 
field in the package.json or replace EcmaScript import/export syntax with CommonJs syntas in the source file.
In some cases EcmaScript import/export syntax is added by an transform and isn't actually part of the source code. In these cases revisit 
transformation options to inject the correct syntax.

Import traces:
  Client Component Browser:
    ./src/app/dashboard/orders/page.tsx [Client Component Browser]
    ./src/app/dashboard/orders/page.tsx [Server Component]

  Client Component SSR:
    ./src/app/dashboard/orders/page.tsx [Client Component SSR]
    ./src/app/dashboard/orders/page.tsx [Server Component]


./src/app/dashboard/page.tsx
Specified module format (CommonJs) is not matching the module format of the source code (EcmaScript Modules)
The CommonJs module format was specified in the package.json that is affecting this source file or by using an special extension, but Ecmascript 
import/export syntax is used in the source code.
The module was automatically converted to an EcmaScript module, but that is in conflict with the specified module format. Either change the "type" 
field in the package.json or replace EcmaScript import/export syntax with CommonJs syntas in the source file.
In some cases EcmaScript import/export syntax is added by an transform and isn't actually part of the source code. In these cases revisit 
transformation options to inject the correct syntax.

Import traces:
  Client Component Browser:
    ./src/app/dashboard/page.tsx [Client Component Browser]
    ./src/app/dashboard/page.tsx [Server Component]

  Client Component SSR:
    ./src/app/dashboard/page.tsx [Client Component SSR]
    ./src/app/dashboard/page.tsx [Server Component]


./src/app/dashboard/portfolio/page.tsx
Specified module format (CommonJs) is not matching the module format of the source code (EcmaScript Modules)
The CommonJs module format was specified in the package.json that is affecting this source file or by using an special extension, but Ecmascript 
import/export syntax is used in the source code.
The module was automatically converted to an EcmaScript module, but that is in conflict with the specified module format. Either change the "type" 
field in the package.json or replace EcmaScript import/export syntax with CommonJs syntas in the source file.
In some cases EcmaScript import/export syntax is added by an transform and isn't actually part of the source code. In these cases revisit 
transformation options to inject the correct syntax.

Import traces:
  Client Component Browser:
    ./src/app/dashboard/portfolio/page.tsx [Client Component Browser]
    ./src/app/dashboard/portfolio/page.tsx [Server Component]

  Client Component SSR:
    ./src/app/dashboard/portfolio/page.tsx [Client Component SSR]
    ./src/app/dashboard/portfolio/page.tsx [Server Component]


./src/app/dashboard/positions/page.tsx
Specified module format (CommonJs) is not matching the module format of the source code (EcmaScript Modules)
The CommonJs module format was specified in the package.json that is affecting this source file or by using an special extension, but Ecmascript 
import/export syntax is used in the source code.
The module was automatically converted to an EcmaScript module, but that is in conflict with the specified module format. Either change the "type" 
field in the package.json or replace EcmaScript import/export syntax with CommonJs syntas in the source file.
In some cases EcmaScript import/export syntax is added by an transform and isn't actually part of the source code. In these cases revisit 
transformation options to inject the correct syntax.

Import traces:
  Client Component Browser:
    ./src/app/dashboard/positions/page.tsx [Client Component Browser]
    ./src/app/dashboard/positions/page.tsx [Server Component]

  Client Component SSR:
    ./src/app/dashboard/positions/page.tsx [Client Component SSR]
    ./src/app/dashboard/positions/page.tsx [Server Component]


./src/app/dashboard/settings/components/AccountTab.tsx
Specified module format (CommonJs) is not matching the module format of the source code (EcmaScript Modules)
The CommonJs module format was specified in the package.json that is affecting this source file or by using an special extension, but Ecmascript 
import/export syntax is used in the source code.
The module was automatically converted to an EcmaScript module, but that is in conflict with the specified module format. Either change the "type" 
field in the package.json or replace EcmaScript import/export syntax with CommonJs syntas in the source file.
In some cases EcmaScript import/export syntax is added by an transform and isn't actually part of the source code. In these cases revisit 
transformation options to inject the correct syntax.

Import traces:
  Client Component Browser:
    ./src/app/dashboard/settings/components/AccountTab.tsx [Client Component Browser]
    ./src/app/dashboard/settings/page.tsx [Client Component Browser]
    ./src/app/dashboard/settings/page.tsx [Server Component]

  Client Component SSR:
    ./src/app/dashboard/settings/components/AccountTab.tsx [Client Component SSR]
    ./src/app/dashboard/settings/page.tsx [Client Component SSR]
    ./src/app/dashboard/settings/page.tsx [Server Component]


./src/app/dashboard/settings/components/AppearanceTab.tsx
Specified module format (CommonJs) is not matching the module format of the source code (EcmaScript Modules)
The CommonJs module format was specified in the package.json that is affecting this source file or by using an special extension, but Ecmascript 
import/export syntax is used in the source code.
The module was automatically converted to an EcmaScript module, but that is in conflict with the specified module format. Either change the "type" 
field in the package.json or replace EcmaScript import/export syntax with CommonJs syntas in the source file.
In some cases EcmaScript import/export syntax is added by an transform and isn't actually part of the source code. In these cases revisit 
transformation options to inject the correct syntax.

Import traces:
  Client Component Browser:
    ./src/app/dashboard/settings/components/AppearanceTab.tsx [Client Component Browser]
    ./src/app/dashboard/settings/page.tsx [Client Component Browser]
    ./src/app/dashboard/settings/page.tsx [Server Component]

  Client Component SSR:
    ./src/app/dashboard/settings/components/AppearanceTab.tsx [Client Component SSR]
    ./src/app/dashboard/settings/page.tsx [Client Component SSR]
    ./src/app/dashboard/settings/page.tsx [Server Component]


./src/app/dashboard/settings/components/NotificationsTab.tsx
Specified module format (CommonJs) is not matching the module format of the source code (EcmaScript Modules)
The CommonJs module format was specified in the package.json that is affecting this source file or by using an special extension, but Ecmascript 
import/export syntax is used in the source code.
The module was automatically converted to an EcmaScript module, but that is in conflict with the specified module format. Either change the "type" 
field in the package.json or replace EcmaScript import/export syntax with CommonJs syntas in the source file.
In some cases EcmaScript import/export syntax is added by an transform and isn't actually part of the source code. In these cases revisit 
transformation options to inject the correct syntax.

Import traces:
  Client Component Browser:
    ./src/app/dashboard/settings/components/NotificationsTab.tsx [Client Component Browser]
    ./src/app/dashboard/settings/page.tsx [Client Component Browser]
    ./src/app/dashboard/settings/page.tsx [Server Component]

  Client Component SSR:
    ./src/app/dashboard/settings/components/NotificationsTab.tsx [Client Component SSR]
    ./src/app/dashboard/settings/page.tsx [Client Component SSR]
    ./src/app/dashboard/settings/page.tsx [Server Component]


./src/app/dashboard/settings/components/PrivacyTab.tsx
Specified module format (CommonJs) is not matching the module format of the source code (EcmaScript Modules)
The CommonJs module format was specified in the package.json that is affecting this source file or by using an special extension, but Ecmascript 
import/export syntax is used in the source code.
The module was automatically converted to an EcmaScript module, but that is in conflict with the specified module format. Either change the "type" 
field in the package.json or replace EcmaScript import/export syntax with CommonJs syntas in the source file.
In some cases EcmaScript import/export syntax is added by an transform and isn't actually part of the source code. In these cases revisit 
transformation options to inject the correct syntax.

Import traces:
  Client Component Browser:
    ./src/app/dashboard/settings/components/PrivacyTab.tsx [Client Component Browser]
    ./src/app/dashboard/settings/page.tsx [Client Component Browser]
    ./src/app/dashboard/settings/page.tsx [Server Component]

  Client Component SSR:
    ./src/app/dashboard/settings/components/PrivacyTab.tsx [Client Component SSR]
    ./src/app/dashboard/settings/page.tsx [Client Component SSR]
    ./src/app/dashboard/settings/page.tsx [Server Component]


./src/app/dashboard/settings/components/ProfileTab.tsx
Specified module format (CommonJs) is not matching the module format of the source code (EcmaScript Modules)
The CommonJs module format was specified in the package.json that is affecting this source file or by using an special extension, but Ecmascript 
import/export syntax is used in the source code.
The module was automatically converted to an EcmaScript module, but that is in conflict with the specified module format. Either change the "type" 
field in the package.json or replace EcmaScript import/export syntax with CommonJs syntas in the source file.
In some cases EcmaScript import/export syntax is added by an transform and isn't actually part of the source code. In these cases revisit 
transformation options to inject the correct syntax.

Import traces:
  Client Component Browser:
    ./src/app/dashboard/settings/components/ProfileTab.tsx [Client Component Browser]
    ./src/app/dashboard/settings/page.tsx [Client Component Browser]
    ./src/app/dashboard/settings/page.tsx [Server Component]

  Client Component SSR:
    ./src/app/dashboard/settings/components/ProfileTab.tsx [Client Component SSR]
    ./src/app/dashboard/settings/page.tsx [Client Component SSR]
    ./src/app/dashboard/settings/page.tsx [Server Component]


./src/app/dashboard/settings/components/SecurityTab.tsx
Specified module format (CommonJs) is not matching the module format of the source code (EcmaScript Modules)
The CommonJs module format was specified in the package.json that is affecting this source file or by using an special extension, but Ecmascript 
import/export syntax is used in the source code.
The module was automatically converted to an EcmaScript module, but that is in conflict with the specified module format. Either change the "type" 
field in the package.json or replace EcmaScript import/export syntax with CommonJs syntas in the source file.
In some cases EcmaScript import/export syntax is added by an transform and isn't actually part of the source code. In these cases revisit 
transformation options to inject the correct syntax.

Import traces:
  Client Component Browser:
    ./src/app/dashboard/settings/components/SecurityTab.tsx [Client Component Browser]
    ./src/app/dashboard/settings/page.tsx [Client Component Browser]
    ./src/app/dashboard/settings/page.tsx [Server Component]

  Client Component SSR:
    ./src/app/dashboard/settings/components/SecurityTab.tsx [Client Component SSR]
    ./src/app/dashboard/settings/page.tsx [Client Component SSR]
    ./src/app/dashboard/settings/page.tsx [Server Component]


./src/app/dashboard/settings/components/SettingsSidebar.tsx
Specified module format (CommonJs) is not matching the module format of the source code (EcmaScript Modules)
The CommonJs module format was specified in the package.json that is affecting this source file or by using an special extension, but Ecmascript 
import/export syntax is used in the source code.
The module was automatically converted to an EcmaScript module, but that is in conflict with the specified module format. Either change the "type" 
field in the package.json or replace EcmaScript import/export syntax with CommonJs syntas in the source file.
In some cases EcmaScript import/export syntax is added by an transform and isn't actually part of the source code. In these cases revisit 
transformation options to inject the correct syntax.

Import traces:
  Client Component Browser:
    ./src/app/dashboard/settings/components/SettingsSidebar.tsx [Client Component Browser]
    ./src/app/dashboard/settings/page.tsx [Client Component Browser]
    ./src/app/dashboard/settings/page.tsx [Server Component]

  Client Component SSR:
    ./src/app/dashboard/settings/components/SettingsSidebar.tsx [Client Component SSR]
    ./src/app/dashboard/settings/page.tsx [Client Component SSR]
    ./src/app/dashboard/settings/page.tsx [Server Component]


./src/app/dashboard/settings/components/TradingTab.tsx
Specified module format (CommonJs) is not matching the module format of the source code (EcmaScript Modules)
The CommonJs module format was specified in the package.json that is affecting this source file or by using an special extension, but Ecmascript 
import/export syntax is used in the source code.
The module was automatically converted to an EcmaScript module, but that is in conflict with the specified module format. Either change the "type" 
field in the package.json or replace EcmaScript import/export syntax with CommonJs syntas in the source file.
In some cases EcmaScript import/export syntax is added by an transform and isn't actually part of the source code. In these cases revisit 
transformation options to inject the correct syntax.

Import traces:
  Client Component Browser:
    ./src/app/dashboard/settings/components/TradingTab.tsx [Client Component Browser]
    ./src/app/dashboard/settings/page.tsx [Client Component Browser]
    ./src/app/dashboard/settings/page.tsx [Server Component]

  Client Component SSR:
    ./src/app/dashboard/settings/components/TradingTab.tsx [Client Component SSR]
    ./src/app/dashboard/settings/page.tsx [Client Component SSR]
    ./src/app/dashboard/settings/page.tsx [Server Component]


./src/app/dashboard/settings/page.tsx
Specified module format (CommonJs) is not matching the module format of the source code (EcmaScript Modules)
The CommonJs module format was specified in the package.json that is affecting this source file or by using an special extension, but Ecmascript 
import/export syntax is used in the source code.
The module was automatically converted to an EcmaScript module, but that is in conflict with the specified module format. Either change the "type" 
field in the package.json or replace EcmaScript import/export syntax with CommonJs syntas in the source file.
In some cases EcmaScript import/export syntax is added by an transform and isn't actually part of the source code. In these cases revisit 
transformation options to inject the correct syntax.

Import traces:
  Client Component Browser:
    ./src/app/dashboard/settings/page.tsx [Client Component Browser]
    ./src/app/dashboard/settings/page.tsx [Server Component]

  Client Component SSR:
    ./src/app/dashboard/settings/page.tsx [Client Component SSR]
    ./src/app/dashboard/settings/page.tsx [Server Component]


./src/app/dashboard/trade/page.tsx
Specified module format (CommonJs) is not matching the module format of the source code (EcmaScript Modules)
The CommonJs module format was specified in the package.json that is affecting this source file or by using an special extension, but Ecmascript 
import/export syntax is used in the source code.
The module was automatically converted to an EcmaScript module, but that is in conflict with the specified module format. Either change the "type" 
field in the package.json or replace EcmaScript import/export syntax with CommonJs syntas in the source file.
In some cases EcmaScript import/export syntax is added by an transform and isn't actually part of the source code. In these cases revisit 
transformation options to inject the correct syntax.


./src/app/dashboard/watchlist/page.tsx
Specified module format (CommonJs) is not matching the module format of the source code (EcmaScript Modules)
The CommonJs module format was specified in the package.json that is affecting this source file or by using an special extension, but Ecmascript 
import/export syntax is used in the source code.
The module was automatically converted to an EcmaScript module, but that is in conflict with the specified module format. Either change the "type" 
field in the package.json or replace EcmaScript import/export syntax with CommonJs syntas in the source file.
In some cases EcmaScript import/export syntax is added by an transform and isn't actually part of the source code. In these cases revisit 
transformation options to inject the correct syntax.

Import traces:
  Client Component Browser:
    ./src/app/dashboard/watchlist/page.tsx [Client Component Browser]
    ./src/app/dashboard/watchlist/page.tsx [Server Component]

  Client Component SSR:
    ./src/app/dashboard/watchlist/page.tsx [Client Component SSR]
    ./src/app/dashboard/watchlist/page.tsx [Server Component]


./src/app/favicon--route-entry.js
Specified module format (CommonJs) is not matching the module format of the source code (EcmaScript Modules)
The CommonJs module format was specified in the package.json that is affecting this source file or by using an special extension, but Ecmascript 
import/export syntax is used in the source code.
The module was automatically converted to an EcmaScript module, but that is in conflict with the specified module format. Either change the "type" 
field in the package.json or replace EcmaScript import/export syntax with CommonJs syntas in the source file.
In some cases EcmaScript import/export syntax is added by an transform and isn't actually part of the source code. In these cases revisit 
transformation options to inject the correct syntax.


./src/app/features/page.tsx
Specified module format (CommonJs) is not matching the module format of the source code (EcmaScript Modules)
The CommonJs module format was specified in the package.json that is affecting this source file or by using an special extension, but Ecmascript 
import/export syntax is used in the source code.
The module was automatically converted to an EcmaScript module, but that is in conflict with the specified module format. Either change the "type" 
field in the package.json or replace EcmaScript import/export syntax with CommonJs syntas in the source file.
In some cases EcmaScript import/export syntax is added by an transform and isn't actually part of the source code. In these cases revisit 
transformation options to inject the correct syntax.


./src/app/free-paper-trading/page.tsx
Specified module format (CommonJs) is not matching the module format of the source code (EcmaScript Modules)
The CommonJs module format was specified in the package.json that is affecting this source file or by using an special extension, but Ecmascript 
import/export syntax is used in the source code.
The module was automatically converted to an EcmaScript module, but that is in conflict with the specified module format. Either change the "type" 
field in the package.json or replace EcmaScript import/export syntax with CommonJs syntas in the source file.
In some cases EcmaScript import/export syntax is added by an transform and isn't actually part of the source code. In these cases revisit 
transformation options to inject the correct syntax.


./src/app/layout.tsx
Specified module format (CommonJs) is not matching the module format of the source code (EcmaScript Modules)
The CommonJs module format was specified in the package.json that is affecting this source file or by using an special extension, but Ecmascript 
import/export syntax is used in the source code.
The module was automatically converted to an EcmaScript module, but that is in conflict with the specified module format. Either change the "type" 
field in the package.json or replace EcmaScript import/export syntax with CommonJs syntas in the source file.
In some cases EcmaScript import/export syntax is added by an transform and isn't actually part of the source code. In these cases revisit 
transformation options to inject the correct syntax.


./src/app/leaderboard/page.tsx
Specified module format (CommonJs) is not matching the module format of the source code (EcmaScript Modules)
The CommonJs module format was specified in the package.json that is affecting this source file or by using an special extension, but Ecmascript 
import/export syntax is used in the source code.
The module was automatically converted to an EcmaScript module, but that is in conflict with the specified module format. Either change the "type" 
field in the package.json or replace EcmaScript import/export syntax with CommonJs syntas in the source file.
In some cases EcmaScript import/export syntax is added by an transform and isn't actually part of the source code. In these cases revisit 
transformation options to inject the correct syntax.


./src/app/learn/page.tsx
Specified module format (CommonJs) is not matching the module format of the source code (EcmaScript Modules)
The CommonJs module format was specified in the package.json that is affecting this source file or by using an special extension, but Ecmascript 
import/export syntax is used in the source code.
The module was automatically converted to an EcmaScript module, but that is in conflict with the specified module format. Either change the "type" 
field in the package.json or replace EcmaScript import/export syntax with CommonJs syntas in the source file.
In some cases EcmaScript import/export syntax is added by an transform and isn't actually part of the source code. In these cases revisit 
transformation options to inject the correct syntax.


./src/app/login/page.tsx
Specified module format (CommonJs) is not matching the module format of the source code (EcmaScript Modules)
The CommonJs module format was specified in the package.json that is affecting this source file or by using an special extension, but Ecmascript 
import/export syntax is used in the source code.
The module was automatically converted to an EcmaScript module, but that is in conflict with the specified module format. Either change the "type" 
field in the package.json or replace EcmaScript import/export syntax with CommonJs syntas in the source file.
In some cases EcmaScript import/export syntax is added by an transform and isn't actually part of the source code. In these cases revisit 
transformation options to inject the correct syntax.

Import traces:
  Client Component Browser:
    ./src/app/login/page.tsx [Client Component Browser]
    ./src/app/login/page.tsx [Server Component]

  Client Component SSR:
    ./src/app/login/page.tsx [Client Component SSR]
    ./src/app/login/page.tsx [Server Component]


./src/app/page.tsx
Specified module format (CommonJs) is not matching the module format of the source code (EcmaScript Modules)
The CommonJs module format was specified in the package.json that is affecting this source file or by using an special extension, but Ecmascript 
import/export syntax is used in the source code.
The module was automatically converted to an EcmaScript module, but that is in conflict with the specified module format. Either change the "type" 
field in the package.json or replace EcmaScript import/export syntax with CommonJs syntas in the source file.
In some cases EcmaScript import/export syntax is added by an transform and isn't actually part of the source code. In these cases revisit 
transformation options to inject the correct syntax.

Import traces:
  Client Component Browser:
    ./src/app/page.tsx [Client Component Browser]
    ./src/app/page.tsx [Server Component]

  Client Component SSR:
    ./src/app/page.tsx [Client Component SSR]
    ./src/app/page.tsx [Server Component]


./src/app/paper-trading-india/page.tsx
Specified module format (CommonJs) is not matching the module format of the source code (EcmaScript Modules)
The CommonJs module format was specified in the package.json that is affecting this source file or by using an special extension, but Ecmascript 
import/export syntax is used in the source code.
The module was automatically converted to an EcmaScript module, but that is in conflict with the specified module format. Either change the "type" 
field in the package.json or replace EcmaScript import/export syntax with CommonJs syntas in the source file.
In some cases EcmaScript import/export syntax is added by an transform and isn't actually part of the source code. In these cases revisit 
transformation options to inject the correct syntax.


./src/app/paper-trading-simulator/page.tsx
Specified module format (CommonJs) is not matching the module format of the source code (EcmaScript Modules)
The CommonJs module format was specified in the package.json that is affecting this source file or by using an special extension, but Ecmascript 
import/export syntax is used in the source code.
The module was automatically converted to an EcmaScript module, but that is in conflict with the specified module format. Either change the "type" 
field in the package.json or replace EcmaScript import/export syntax with CommonJs syntas in the source file.
In some cases EcmaScript import/export syntax is added by an transform and isn't actually part of the source code. In these cases revisit 
transformation options to inject the correct syntax.


./src/app/profile/[username]/page.tsx
Specified module format (CommonJs) is not matching the module format of the source code (EcmaScript Modules)
The CommonJs module format was specified in the package.json that is affecting this source file or by using an special extension, but Ecmascript 
import/export syntax is used in the source code.
The module was automatically converted to an EcmaScript module, but that is in conflict with the specified module format. Either change the "type" 
field in the package.json or replace EcmaScript import/export syntax with CommonJs syntas in the source file.
In some cases EcmaScript import/export syntax is added by an transform and isn't actually part of the source code. In these cases revisit 
transformation options to inject the correct syntax.


./src/app/profile/components/BadgesGrid.tsx
Specified module format (CommonJs) is not matching the module format of the source code (EcmaScript Modules)
The CommonJs module format was specified in the package.json that is affecting this source file or by using an special extension, but Ecmascript 
import/export syntax is used in the source code.
The module was automatically converted to an EcmaScript module, but that is in conflict with the specified module format. Either change the "type" 
field in the package.json or replace EcmaScript import/export syntax with CommonJs syntas in the source file.
In some cases EcmaScript import/export syntax is added by an transform and isn't actually part of the source code. In these cases revisit 
transformation options to inject the correct syntax.

Import trace:
  Server Component:
    ./src/app/profile/components/BadgesGrid.tsx
    ./src/app/profile/[username]/page.tsx


./src/app/profile/components/EquityCurveChart.tsx
Specified module format (CommonJs) is not matching the module format of the source code (EcmaScript Modules)
The CommonJs module format was specified in the package.json that is affecting this source file or by using an special extension, but Ecmascript 
import/export syntax is used in the source code.
The module was automatically converted to an EcmaScript module, but that is in conflict with the specified module format. Either change the "type" 
field in the package.json or replace EcmaScript import/export syntax with CommonJs syntas in the source file.
In some cases EcmaScript import/export syntax is added by an transform and isn't actually part of the source code. In these cases revisit 
transformation options to inject the correct syntax.

Import trace:
  Server Component:
    ./src/app/profile/components/EquityCurveChart.tsx
    ./src/app/profile/[username]/page.tsx


./src/app/profile/components/KeyStatsCards.tsx
Specified module format (CommonJs) is not matching the module format of the source code (EcmaScript Modules)
The CommonJs module format was specified in the package.json that is affecting this source file or by using an special extension, but Ecmascript 
import/export syntax is used in the source code.
The module was automatically converted to an EcmaScript module, but that is in conflict with the specified module format. Either change the "type" 
field in the package.json or replace EcmaScript import/export syntax with CommonJs syntas in the source file.
In some cases EcmaScript import/export syntax is added by an transform and isn't actually part of the source code. In these cases revisit 
transformation options to inject the correct syntax.

Import trace:
  Server Component:
    ./src/app/profile/components/KeyStatsCards.tsx
    ./src/app/profile/[username]/page.tsx


./src/app/profile/components/ProfileHeader.tsx
Specified module format (CommonJs) is not matching the module format of the source code (EcmaScript Modules)
The CommonJs module format was specified in the package.json that is affecting this source file or by using an special extension, but Ecmascript 
import/export syntax is used in the source code.
The module was automatically converted to an EcmaScript module, but that is in conflict with the specified module format. Either change the "type" 
field in the package.json or replace EcmaScript import/export syntax with CommonJs syntas in the source file.
In some cases EcmaScript import/export syntax is added by an transform and isn't actually part of the source code. In these cases revisit 
transformation options to inject the correct syntax.

Import trace:
  Server Component:
    ./src/app/profile/components/ProfileHeader.tsx
    ./src/app/profile/[username]/page.tsx


./src/app/profile/components/PublicBioStrategy.tsx
Specified module format (CommonJs) is not matching the module format of the source code (EcmaScript Modules)
The CommonJs module format was specified in the package.json that is affecting this source file or by using an special extension, but Ecmascript 
import/export syntax is used in the source code.
The module was automatically converted to an EcmaScript module, but that is in conflict with the specified module format. Either change the "type" 
field in the package.json or replace EcmaScript import/export syntax with CommonJs syntas in the source file.
In some cases EcmaScript import/export syntax is added by an transform and isn't actually part of the source code. In these cases revisit 
transformation options to inject the correct syntax.

Import trace:
  Server Component:
    ./src/app/profile/components/PublicBioStrategy.tsx
    ./src/app/profile/[username]/page.tsx


./src/app/profile/components/RecentTradesTable.tsx
Specified module format (CommonJs) is not matching the module format of the source code (EcmaScript Modules)
The CommonJs module format was specified in the package.json that is affecting this source file or by using an special extension, but Ecmascript 
import/export syntax is used in the source code.
The module was automatically converted to an EcmaScript module, but that is in conflict with the specified module format. Either change the "type" 
field in the package.json or replace EcmaScript import/export syntax with CommonJs syntas in the source file.
In some cases EcmaScript import/export syntax is added by an transform and isn't actually part of the source code. In these cases revisit 
transformation options to inject the correct syntax.

Import trace:
  Server Component:
    ./src/app/profile/components/RecentTradesTable.tsx
    ./src/app/profile/[username]/page.tsx


./src/app/profile/components/TradeAnalyticsGrid.tsx
Specified module format (CommonJs) is not matching the module format of the source code (EcmaScript Modules)
The CommonJs module format was specified in the package.json that is affecting this source file or by using an special extension, but Ecmascript 
import/export syntax is used in the source code.
The module was automatically converted to an EcmaScript module, but that is in conflict with the specified module format. Either change the "type" 
field in the package.json or replace EcmaScript import/export syntax with CommonJs syntas in the source file.
In some cases EcmaScript import/export syntax is added by an transform and isn't actually part of the source code. In these cases revisit 
transformation options to inject the correct syntax.

Import trace:
  Server Component:
    ./src/app/profile/components/TradeAnalyticsGrid.tsx
    ./src/app/profile/[username]/page.tsx


./src/app/signup/page.tsx
Specified module format (CommonJs) is not matching the module format of the source code (EcmaScript Modules)
The CommonJs module format was specified in the package.json that is affecting this source file or by using an special extension, but Ecmascript 
import/export syntax is used in the source code.
The module was automatically converted to an EcmaScript module, but that is in conflict with the specified module format. Either change the "type" 
field in the package.json or replace EcmaScript import/export syntax with CommonJs syntas in the source file.
In some cases EcmaScript import/export syntax is added by an transform and isn't actually part of the source code. In these cases revisit 
transformation options to inject the correct syntax.

Import traces:
  Client Component Browser:
    ./src/app/signup/page.tsx [Client Component Browser]
    ./src/app/signup/page.tsx [Server Component]

  Client Component SSR:
    ./src/app/signup/page.tsx [Client Component SSR]
    ./src/app/signup/page.tsx [Server Component]


./src/components/auth/AuthProvider.tsx
Specified module format (CommonJs) is not matching the module format of the source code (EcmaScript Modules)
The CommonJs module format was specified in the package.json that is affecting this source file or by using an special extension, but Ecmascript 
import/export syntax is used in the source code.
The module was automatically converted to an EcmaScript module, but that is in conflict with the specified module format. Either change the "type" 
field in the package.json or replace EcmaScript import/export syntax with CommonJs syntas in the source file.
In some cases EcmaScript import/export syntax is added by an transform and isn't actually part of the source code. In these cases revisit 
transformation options to inject the correct syntax.

Import trace:
  Server Component:
    ./src/components/auth/AuthProvider.tsx
    ./src/app/layout.tsx


./src/components/dashboard/DrawingsManager.tsx
Specified module format (CommonJs) is not matching the module format of the source code (EcmaScript Modules)
The CommonJs module format was specified in the package.json that is affecting this source file or by using an special extension, but Ecmascript 
import/export syntax is used in the source code.
The module was automatically converted to an EcmaScript module, but that is in conflict with the specified module format. Either change the "type" 
field in the package.json or replace EcmaScript import/export syntax with CommonJs syntas in the source file.
In some cases EcmaScript import/export syntax is added by an transform and isn't actually part of the source code. In these cases revisit 
transformation options to inject the correct syntax.

Import traces:
  Client Component Browser:
    ./src/components/dashboard/DrawingsManager.tsx [Client Component Browser]
    ./src/components/dashboard/StockChart.tsx [Client Component Browser]
    ./src/components/dashboard/MultiChartLayout.tsx [Client Component Browser]
    ./src/components/dashboard/TradeDashboard.tsx [Client Component Browser]
    ./src/components/dashboard/TradeDashboard.tsx [Server Component]
    ./src/app/dashboard/futures/page.tsx [Server Component]

  Client Component SSR:
    ./src/components/dashboard/DrawingsManager.tsx [Client Component SSR]
    ./src/components/dashboard/StockChart.tsx [Client Component SSR]
    ./src/components/dashboard/MultiChartLayout.tsx [Client Component SSR]
    ./src/components/dashboard/TradeDashboard.tsx [Client Component SSR]
    ./src/components/dashboard/TradeDashboard.tsx [Server Component]
    ./src/app/dashboard/futures/page.tsx [Server Component]


./src/components/dashboard/IndicatorSettingsModal.tsx
Specified module format (CommonJs) is not matching the module format of the source code (EcmaScript Modules)
The CommonJs module format was specified in the package.json that is affecting this source file or by using an special extension, but Ecmascript 
import/export syntax is used in the source code.
The module was automatically converted to an EcmaScript module, but that is in conflict with the specified module format. Either change the "type" 
field in the package.json or replace EcmaScript import/export syntax with CommonJs syntas in the source file.
In some cases EcmaScript import/export syntax is added by an transform and isn't actually part of the source code. In these cases revisit 
transformation options to inject the correct syntax.

Import traces:
  Client Component Browser:
    ./src/components/dashboard/IndicatorSettingsModal.tsx [Client Component Browser]
    ./src/components/dashboard/StockChart.tsx [Client Component Browser]
    ./src/components/dashboard/MultiChartLayout.tsx [Client Component Browser]
    ./src/components/dashboard/TradeDashboard.tsx [Client Component Browser]
    ./src/components/dashboard/TradeDashboard.tsx [Server Component]
    ./src/app/dashboard/futures/page.tsx [Server Component]

  Client Component SSR:
    ./src/components/dashboard/IndicatorSettingsModal.tsx [Client Component SSR]
    ./src/components/dashboard/StockChart.tsx [Client Component SSR]
    ./src/components/dashboard/MultiChartLayout.tsx [Client Component SSR]
    ./src/components/dashboard/TradeDashboard.tsx [Client Component SSR]
    ./src/components/dashboard/TradeDashboard.tsx [Server Component]
    ./src/app/dashboard/futures/page.tsx [Server Component]


./src/components/dashboard/InteractiveTour.tsx
Specified module format (CommonJs) is not matching the module format of the source code (EcmaScript Modules)
The CommonJs module format was specified in the package.json that is affecting this source file or by using an special extension, but Ecmascript 
import/export syntax is used in the source code.
The module was automatically converted to an EcmaScript module, but that is in conflict with the specified module format. Either change the "type" 
field in the package.json or replace EcmaScript import/export syntax with CommonJs syntas in the source file.
In some cases EcmaScript import/export syntax is added by an transform and isn't actually part of the source code. In these cases revisit 
transformation options to inject the correct syntax.

Import traces:
  Client Component Browser:
    ./src/components/dashboard/InteractiveTour.tsx [Client Component Browser]
    ./src/components/dashboard/TradeDashboard.tsx [Client Component Browser]
    ./src/components/dashboard/TradeDashboard.tsx [Server Component]
    ./src/app/dashboard/futures/page.tsx [Server Component]

  Client Component SSR:
    ./src/components/dashboard/InteractiveTour.tsx [Client Component SSR]
    ./src/components/dashboard/TradeDashboard.tsx [Client Component SSR]
    ./src/components/dashboard/TradeDashboard.tsx [Server Component]
    ./src/app/dashboard/futures/page.tsx [Server Component]


./src/components/dashboard/LivePnLWidget.tsx
Specified module format (CommonJs) is not matching the module format of the source code (EcmaScript Modules)
The CommonJs module format was specified in the package.json that is affecting this source file or by using an special extension, but Ecmascript 
import/export syntax is used in the source code.
The module was automatically converted to an EcmaScript module, but that is in conflict with the specified module format. Either change the "type" 
field in the package.json or replace EcmaScript import/export syntax with CommonJs syntas in the source file.
In some cases EcmaScript import/export syntax is added by an transform and isn't actually part of the source code. In these cases revisit 
transformation options to inject the correct syntax.

Import traces:
  Client Component Browser:
    ./src/components/dashboard/LivePnLWidget.tsx [Client Component Browser]
    ./src/components/dashboard/TradeDashboard.tsx [Client Component Browser]
    ./src/components/dashboard/TradeDashboard.tsx [Server Component]
    ./src/app/dashboard/futures/page.tsx [Server Component]

  Client Component SSR:
    ./src/components/dashboard/LivePnLWidget.tsx [Client Component SSR]
    ./src/components/dashboard/TradeDashboard.tsx [Client Component SSR]
    ./src/components/dashboard/TradeDashboard.tsx [Server Component]
    ./src/app/dashboard/futures/page.tsx [Server Component]


./src/components/dashboard/MarketDepth.tsx
Specified module format (CommonJs) is not matching the module format of the source code (EcmaScript Modules)
The CommonJs module format was specified in the package.json that is affecting this source file or by using an special extension, but Ecmascript 
import/export syntax is used in the source code.
The module was automatically converted to an EcmaScript module, but that is in conflict with the specified module format. Either change the "type" 
field in the package.json or replace EcmaScript import/export syntax with CommonJs syntas in the source file.
In some cases EcmaScript import/export syntax is added by an transform and isn't actually part of the source code. In these cases revisit 
transformation options to inject the correct syntax.

Import traces:
  Client Component Browser:
    ./src/components/dashboard/MarketDepth.tsx [Client Component Browser]
    ./src/components/dashboard/TradeDashboard.tsx [Client Component Browser]
    ./src/components/dashboard/TradeDashboard.tsx [Server Component]
    ./src/app/dashboard/futures/page.tsx [Server Component]

  Client Component SSR:
    ./src/components/dashboard/MarketDepth.tsx [Client Component SSR]
    ./src/components/dashboard/TradeDashboard.tsx [Client Component SSR]
    ./src/components/dashboard/TradeDashboard.tsx [Server Component]
    ./src/app/dashboard/futures/page.tsx [Server Component]


./src/components/dashboard/MarketTicker.tsx
Specified module format (CommonJs) is not matching the module format of the source code (EcmaScript Modules)
The CommonJs module format was specified in the package.json that is affecting this source file or by using an special extension, but Ecmascript 
import/export syntax is used in the source code.
The module was automatically converted to an EcmaScript module, but that is in conflict with the specified module format. Either change the "type" 
field in the package.json or replace EcmaScript import/export syntax with CommonJs syntas in the source file.
In some cases EcmaScript import/export syntax is added by an transform and isn't actually part of the source code. In these cases revisit 
transformation options to inject the correct syntax.

Import trace:
  Server Component:
    ./src/components/dashboard/MarketTicker.tsx
    ./src/app/dashboard/layout.tsx


./src/components/dashboard/MiniWatchlist.tsx
Specified module format (CommonJs) is not matching the module format of the source code (EcmaScript Modules)
The CommonJs module format was specified in the package.json that is affecting this source file or by using an special extension, but Ecmascript 
import/export syntax is used in the source code.
The module was automatically converted to an EcmaScript module, but that is in conflict with the specified module format. Either change the "type" 
field in the package.json or replace EcmaScript import/export syntax with CommonJs syntas in the source file.
In some cases EcmaScript import/export syntax is added by an transform and isn't actually part of the source code. In these cases revisit 
transformation options to inject the correct syntax.

Import traces:
  Client Component Browser:
    ./src/components/dashboard/MiniWatchlist.tsx [Client Component Browser]
    ./src/components/dashboard/TradeDashboard.tsx [Client Component Browser]
    ./src/components/dashboard/TradeDashboard.tsx [Server Component]
    ./src/app/dashboard/futures/page.tsx [Server Component]

  Client Component SSR:
    ./src/components/dashboard/MiniWatchlist.tsx [Client Component SSR]
    ./src/components/dashboard/TradeDashboard.tsx [Client Component SSR]
    ./src/components/dashboard/TradeDashboard.tsx [Server Component]
    ./src/app/dashboard/futures/page.tsx [Server Component]


./src/components/dashboard/MultiChartLayout.tsx
Specified module format (CommonJs) is not matching the module format of the source code (EcmaScript Modules)
The CommonJs module format was specified in the package.json that is affecting this source file or by using an special extension, but Ecmascript 
import/export syntax is used in the source code.
The module was automatically converted to an EcmaScript module, but that is in conflict with the specified module format. Either change the "type" 
field in the package.json or replace EcmaScript import/export syntax with CommonJs syntas in the source file.
In some cases EcmaScript import/export syntax is added by an transform and isn't actually part of the source code. In these cases revisit 
transformation options to inject the correct syntax.

Import traces:
  Client Component Browser:
    ./src/components/dashboard/MultiChartLayout.tsx [Client Component Browser]
    ./src/components/dashboard/TradeDashboard.tsx [Client Component Browser]
    ./src/components/dashboard/TradeDashboard.tsx [Server Component]
    ./src/app/dashboard/futures/page.tsx [Server Component]

  Client Component SSR:
    ./src/components/dashboard/MultiChartLayout.tsx [Client Component SSR]
    ./src/components/dashboard/TradeDashboard.tsx [Client Component SSR]
    ./src/components/dashboard/TradeDashboard.tsx [Server Component]
    ./src/app/dashboard/futures/page.tsx [Server Component]


./src/components/dashboard/OptionChain.tsx
Specified module format (CommonJs) is not matching the module format of the source code (EcmaScript Modules)
The CommonJs module format was specified in the package.json that is affecting this source file or by using an special extension, but Ecmascript 
import/export syntax is used in the source code.
The module was automatically converted to an EcmaScript module, but that is in conflict with the specified module format. Either change the "type" 
field in the package.json or replace EcmaScript import/export syntax with CommonJs syntas in the source file.
In some cases EcmaScript import/export syntax is added by an transform and isn't actually part of the source code. In these cases revisit 
transformation options to inject the correct syntax.

Import trace:
  Server Component:
    ./src/components/dashboard/OptionChain.tsx
    ./src/app/dashboard/options/chain/page.tsx


./src/components/dashboard/PositionModifyDialog.tsx
Specified module format (CommonJs) is not matching the module format of the source code (EcmaScript Modules)
The CommonJs module format was specified in the package.json that is affecting this source file or by using an special extension, but Ecmascript 
import/export syntax is used in the source code.
The module was automatically converted to an EcmaScript module, but that is in conflict with the specified module format. Either change the "type" 
field in the package.json or replace EcmaScript import/export syntax with CommonJs syntas in the source file.
In some cases EcmaScript import/export syntax is added by an transform and isn't actually part of the source code. In these cases revisit 
transformation options to inject the correct syntax.

Import traces:
  Client Component Browser:
    ./src/components/dashboard/PositionModifyDialog.tsx [Client Component Browser]
    ./src/components/dashboard/LivePnLWidget.tsx [Client Component Browser]
    ./src/components/dashboard/TradeDashboard.tsx [Client Component Browser]
    ./src/components/dashboard/TradeDashboard.tsx [Server Component]
    ./src/app/dashboard/futures/page.tsx [Server Component]

  Client Component SSR:
    ./src/components/dashboard/PositionModifyDialog.tsx [Client Component SSR]
    ./src/components/dashboard/LivePnLWidget.tsx [Client Component SSR]
    ./src/components/dashboard/TradeDashboard.tsx [Client Component SSR]
    ./src/components/dashboard/TradeDashboard.tsx [Server Component]
    ./src/app/dashboard/futures/page.tsx [Server Component]


./src/components/dashboard/SVGDrawingLayer.tsx
Specified module format (CommonJs) is not matching the module format of the source code (EcmaScript Modules)
The CommonJs module format was specified in the package.json that is affecting this source file or by using an special extension, but Ecmascript 
import/export syntax is used in the source code.
The module was automatically converted to an EcmaScript module, but that is in conflict with the specified module format. Either change the "type" 
field in the package.json or replace EcmaScript import/export syntax with CommonJs syntas in the source file.
In some cases EcmaScript import/export syntax is added by an transform and isn't actually part of the source code. In these cases revisit 
transformation options to inject the correct syntax.

Import traces:
  Client Component Browser:
    ./src/components/dashboard/SVGDrawingLayer.tsx [Client Component Browser]
    ./src/components/dashboard/StockChart.tsx [Client Component Browser]
    ./src/components/dashboard/MultiChartLayout.tsx [Client Component Browser]
    ./src/components/dashboard/TradeDashboard.tsx [Client Component Browser]
    ./src/components/dashboard/TradeDashboard.tsx [Server Component]
    ./src/app/dashboard/futures/page.tsx [Server Component]

  Client Component SSR:
    ./src/components/dashboard/SVGDrawingLayer.tsx [Client Component SSR]
    ./src/components/dashboard/StockChart.tsx [Client Component SSR]
    ./src/components/dashboard/MultiChartLayout.tsx [Client Component SSR]
    ./src/components/dashboard/TradeDashboard.tsx [Client Component SSR]
    ./src/components/dashboard/TradeDashboard.tsx [Server Component]
    ./src/app/dashboard/futures/page.tsx [Server Component]


./src/components/dashboard/Sparkline.tsx
Specified module format (CommonJs) is not matching the module format of the source code (EcmaScript Modules)
The CommonJs module format was specified in the package.json that is affecting this source file or by using an special extension, but Ecmascript 
import/export syntax is used in the source code.
The module was automatically converted to an EcmaScript module, but that is in conflict with the specified module format. Either change the "type" 
field in the package.json or replace EcmaScript import/export syntax with CommonJs syntas in the source file.
In some cases EcmaScript import/export syntax is added by an transform and isn't actually part of the source code. In these cases revisit 
transformation options to inject the correct syntax.

Import traces:
  Client Component Browser:
    ./src/components/dashboard/Sparkline.tsx [Client Component Browser]
    ./src/app/dashboard/watchlist/page.tsx [Client Component Browser]
    ./src/app/dashboard/watchlist/page.tsx [Server Component]

  Client Component SSR:
    ./src/components/dashboard/Sparkline.tsx [Client Component SSR]
    ./src/app/dashboard/watchlist/page.tsx [Client Component SSR]
    ./src/app/dashboard/watchlist/page.tsx [Server Component]


./src/components/dashboard/StockChart.tsx
Specified module format (CommonJs) is not matching the module format of the source code (EcmaScript Modules)
The CommonJs module format was specified in the package.json that is affecting this source file or by using an special extension, but Ecmascript 
import/export syntax is used in the source code.
The module was automatically converted to an EcmaScript module, but that is in conflict with the specified module format. Either change the "type" 
field in the package.json or replace EcmaScript import/export syntax with CommonJs syntas in the source file.
In some cases EcmaScript import/export syntax is added by an transform and isn't actually part of the source code. In these cases revisit 
transformation options to inject the correct syntax.

Import traces:
  Client Component Browser:
    ./src/components/dashboard/StockChart.tsx [Client Component Browser]
    ./src/components/dashboard/MultiChartLayout.tsx [Client Component Browser]
    ./src/components/dashboard/TradeDashboard.tsx [Client Component Browser]
    ./src/components/dashboard/TradeDashboard.tsx [Server Component]
    ./src/app/dashboard/futures/page.tsx [Server Component]

  Client Component SSR:
    ./src/components/dashboard/StockChart.tsx [Client Component SSR]
    ./src/components/dashboard/MultiChartLayout.tsx [Client Component SSR]
    ./src/components/dashboard/TradeDashboard.tsx [Client Component SSR]
    ./src/components/dashboard/TradeDashboard.tsx [Server Component]
    ./src/app/dashboard/futures/page.tsx [Server Component]


./src/components/dashboard/StockSearch.tsx
Specified module format (CommonJs) is not matching the module format of the source code (EcmaScript Modules)
The CommonJs module format was specified in the package.json that is affecting this source file or by using an special extension, but Ecmascript 
import/export syntax is used in the source code.
The module was automatically converted to an EcmaScript module, but that is in conflict with the specified module format. Either change the "type" 
field in the package.json or replace EcmaScript import/export syntax with CommonJs syntas in the source file.
In some cases EcmaScript import/export syntax is added by an transform and isn't actually part of the source code. In these cases revisit 
transformation options to inject the correct syntax.

Import traces:
  Client Component Browser:
    ./src/components/dashboard/StockSearch.tsx [Client Component Browser]
    ./src/components/dashboard/OptionChain.tsx [Client Component Browser]
    ./src/components/dashboard/OptionChain.tsx [Server Component]
    ./src/app/dashboard/options/chain/page.tsx [Server Component]

  Client Component SSR:
    ./src/components/dashboard/StockSearch.tsx [Client Component SSR]
    ./src/components/dashboard/OptionChain.tsx [Client Component SSR]
    ./src/components/dashboard/OptionChain.tsx [Server Component]
    ./src/app/dashboard/options/chain/page.tsx [Server Component]


./src/components/dashboard/StrategyPayoff.tsx
Specified module format (CommonJs) is not matching the module format of the source code (EcmaScript Modules)
The CommonJs module format was specified in the package.json that is affecting this source file or by using an special extension, but Ecmascript 
import/export syntax is used in the source code.
The module was automatically converted to an EcmaScript module, but that is in conflict with the specified module format. Either change the "type" 
field in the package.json or replace EcmaScript import/export syntax with CommonJs syntas in the source file.
In some cases EcmaScript import/export syntax is added by an transform and isn't actually part of the source code. In these cases revisit 
transformation options to inject the correct syntax.

Import traces:
  Client Component Browser:
    ./src/components/dashboard/StrategyPayoff.tsx [Client Component Browser]
    ./src/components/dashboard/OptionChain.tsx [Client Component Browser]
    ./src/components/dashboard/OptionChain.tsx [Server Component]
    ./src/app/dashboard/options/chain/page.tsx [Server Component]

  Client Component SSR:
    ./src/components/dashboard/StrategyPayoff.tsx [Client Component SSR]
    ./src/components/dashboard/OptionChain.tsx [Client Component SSR]
    ./src/components/dashboard/OptionChain.tsx [Server Component]
    ./src/app/dashboard/options/chain/page.tsx [Server Component]


./src/components/dashboard/TradeDashboard.tsx
Specified module format (CommonJs) is not matching the module format of the source code (EcmaScript Modules)
The CommonJs module format was specified in the package.json that is affecting this source file or by using an special extension, but Ecmascript 
import/export syntax is used in the source code.
The module was automatically converted to an EcmaScript module, but that is in conflict with the specified module format. Either change the "type" 
field in the package.json or replace EcmaScript import/export syntax with CommonJs syntas in the source file.
In some cases EcmaScript import/export syntax is added by an transform and isn't actually part of the source code. In these cases revisit 
transformation options to inject the correct syntax.

Import trace:
  Server Component:
    ./src/components/dashboard/TradeDashboard.tsx
    ./src/app/dashboard/futures/page.tsx


./src/components/journal/JournalAnalytics.tsx
Specified module format (CommonJs) is not matching the module format of the source code (EcmaScript Modules)
The CommonJs module format was specified in the package.json that is affecting this source file or by using an special extension, but Ecmascript 
import/export syntax is used in the source code.
The module was automatically converted to an EcmaScript module, but that is in conflict with the specified module format. Either change the "type" 
field in the package.json or replace EcmaScript import/export syntax with CommonJs syntas in the source file.
In some cases EcmaScript import/export syntax is added by an transform and isn't actually part of the source code. In these cases revisit 
transformation options to inject the correct syntax.

Import traces:
  Client Component Browser:
    ./src/components/journal/JournalAnalytics.tsx [Client Component Browser]
    ./src/app/dashboard/journal/page.tsx [Client Component Browser]
    ./src/app/dashboard/journal/page.tsx [Server Component]

  Client Component SSR:
    ./src/components/journal/JournalAnalytics.tsx [Client Component SSR]
    ./src/app/dashboard/journal/page.tsx [Client Component SSR]
    ./src/app/dashboard/journal/page.tsx [Server Component]


./src/components/journal/JournalCalendar.tsx
Specified module format (CommonJs) is not matching the module format of the source code (EcmaScript Modules)
The CommonJs module format was specified in the package.json that is affecting this source file or by using an special extension, but Ecmascript 
import/export syntax is used in the source code.
The module was automatically converted to an EcmaScript module, but that is in conflict with the specified module format. Either change the "type" 
field in the package.json or replace EcmaScript import/export syntax with CommonJs syntas in the source file.
In some cases EcmaScript import/export syntax is added by an transform and isn't actually part of the source code. In these cases revisit 
transformation options to inject the correct syntax.

Import traces:
  Client Component Browser:
    ./src/components/journal/JournalCalendar.tsx [Client Component Browser]
    ./src/app/dashboard/journal/page.tsx [Client Component Browser]
    ./src/app/dashboard/journal/page.tsx [Server Component]

  Client Component SSR:
    ./src/components/journal/JournalCalendar.tsx [Client Component SSR]
    ./src/app/dashboard/journal/page.tsx [Client Component SSR]
    ./src/app/dashboard/journal/page.tsx [Server Component]


./src/components/journal/MistakeSummary.tsx
Specified module format (CommonJs) is not matching the module format of the source code (EcmaScript Modules)
The CommonJs module format was specified in the package.json that is affecting this source file or by using an special extension, but Ecmascript 
import/export syntax is used in the source code.
The module was automatically converted to an EcmaScript module, but that is in conflict with the specified module format. Either change the "type" 
field in the package.json or replace EcmaScript import/export syntax with CommonJs syntas in the source file.
In some cases EcmaScript import/export syntax is added by an transform and isn't actually part of the source code. In these cases revisit 
transformation options to inject the correct syntax.

Import traces:
  Client Component Browser:
    ./src/components/journal/MistakeSummary.tsx [Client Component Browser]
    ./src/app/dashboard/journal/page.tsx [Client Component Browser]
    ./src/app/dashboard/journal/page.tsx [Server Component]

  Client Component SSR:
    ./src/components/journal/MistakeSummary.tsx [Client Component SSR]
    ./src/app/dashboard/journal/page.tsx [Client Component SSR]
    ./src/app/dashboard/journal/page.tsx [Server Component]


./src/components/journal/TradeEditModal.tsx
Specified module format (CommonJs) is not matching the module format of the source code (EcmaScript Modules)
The CommonJs module format was specified in the package.json that is affecting this source file or by using an special extension, but Ecmascript 
import/export syntax is used in the source code.
The module was automatically converted to an EcmaScript module, but that is in conflict with the specified module format. Either change the "type" 
field in the package.json or replace EcmaScript import/export syntax with CommonJs syntas in the source file.
In some cases EcmaScript import/export syntax is added by an transform and isn't actually part of the source code. In these cases revisit 
transformation options to inject the correct syntax.

Import traces:
  Client Component Browser:
    ./src/components/journal/TradeEditModal.tsx [Client Component Browser]
    ./src/app/dashboard/journal/page.tsx [Client Component Browser]
    ./src/app/dashboard/journal/page.tsx [Server Component]

  Client Component SSR:
    ./src/components/journal/TradeEditModal.tsx [Client Component SSR]
    ./src/app/dashboard/journal/page.tsx [Client Component SSR]
    ./src/app/dashboard/journal/page.tsx [Server Component]


./src/components/journal/TradeList.tsx
Specified module format (CommonJs) is not matching the module format of the source code (EcmaScript Modules)
The CommonJs module format was specified in the package.json that is affecting this source file or by using an special extension, but Ecmascript 
import/export syntax is used in the source code.
The module was automatically converted to an EcmaScript module, but that is in conflict with the specified module format. Either change the "type" 
field in the package.json or replace EcmaScript import/export syntax with CommonJs syntas in the source file.
In some cases EcmaScript import/export syntax is added by an transform and isn't actually part of the source code. In these cases revisit 
transformation options to inject the correct syntax.

Import traces:
  Client Component Browser:
    ./src/components/journal/TradeList.tsx [Client Component Browser]
    ./src/app/dashboard/journal/page.tsx [Client Component Browser]
    ./src/app/dashboard/journal/page.tsx [Server Component]

  Client Component SSR:
    ./src/components/journal/TradeList.tsx [Client Component SSR]
    ./src/app/dashboard/journal/page.tsx [Client Component SSR]
    ./src/app/dashboard/journal/page.tsx [Server Component]


./src/components/layout/Footer.tsx
Specified module format (CommonJs) is not matching the module format of the source code (EcmaScript Modules)
The CommonJs module format was specified in the package.json that is affecting this source file or by using an special extension, but Ecmascript 
import/export syntax is used in the source code.
The module was automatically converted to an EcmaScript module, but that is in conflict with the specified module format. Either change the "type" 
field in the package.json or replace EcmaScript import/export syntax with CommonJs syntas in the source file.
In some cases EcmaScript import/export syntax is added by an transform and isn't actually part of the source code. In these cases revisit 
transformation options to inject the correct syntax.

Import traces:
  Server Component:
    ./src/components/layout/Footer.tsx
    ./src/app/features/page.tsx

  Client Component Browser:
    ./src/components/layout/Footer.tsx [Client Component Browser]
    ./src/app/page.tsx [Client Component Browser]
    ./src/app/page.tsx [Server Component]

  Client Component SSR:
    ./src/components/layout/Footer.tsx [Client Component SSR]
    ./src/app/page.tsx [Client Component SSR]
    ./src/app/page.tsx [Server Component]


./src/components/layout/MobileNav.tsx
Specified module format (CommonJs) is not matching the module format of the source code (EcmaScript Modules)
The CommonJs module format was specified in the package.json that is affecting this source file or by using an special extension, but Ecmascript 
import/export syntax is used in the source code.
The module was automatically converted to an EcmaScript module, but that is in conflict with the specified module format. Either change the "type" 
field in the package.json or replace EcmaScript import/export syntax with CommonJs syntas in the source file.
In some cases EcmaScript import/export syntax is added by an transform and isn't actually part of the source code. In these cases revisit 
transformation options to inject the correct syntax.

Import trace:
  Server Component:
    ./src/components/layout/MobileNav.tsx
    ./src/app/dashboard/layout.tsx


./src/components/layout/Navbar.tsx
Specified module format (CommonJs) is not matching the module format of the source code (EcmaScript Modules)
The CommonJs module format was specified in the package.json that is affecting this source file or by using an special extension, but Ecmascript 
import/export syntax is used in the source code.
The module was automatically converted to an EcmaScript module, but that is in conflict with the specified module format. Either change the "type" 
field in the package.json or replace EcmaScript import/export syntax with CommonJs syntas in the source file.
In some cases EcmaScript import/export syntax is added by an transform and isn't actually part of the source code. In these cases revisit 
transformation options to inject the correct syntax.

Import traces:
  Server Component:
    ./src/components/layout/Navbar.tsx
    ./src/app/features/page.tsx

  Client Component Browser:
    ./src/components/layout/Navbar.tsx [Client Component Browser]
    ./src/components/layout/Navbar.tsx [Server Component]
    ./src/app/leaderboard/page.tsx [Server Component]

  Client Component SSR:
    ./src/components/layout/Navbar.tsx [Client Component SSR]
    ./src/components/layout/Navbar.tsx [Server Component]
    ./src/app/leaderboard/page.tsx [Server Component]


./src/components/layout/Sidebar.tsx
Specified module format (CommonJs) is not matching the module format of the source code (EcmaScript Modules)
The CommonJs module format was specified in the package.json that is affecting this source file or by using an special extension, but Ecmascript 
import/export syntax is used in the source code.
The module was automatically converted to an EcmaScript module, but that is in conflict with the specified module format. Either change the "type" 
field in the package.json or replace EcmaScript import/export syntax with CommonJs syntas in the source file.
In some cases EcmaScript import/export syntax is added by an transform and isn't actually part of the source code. In these cases revisit 
transformation options to inject the correct syntax.

Import trace:
  Server Component:
    ./src/components/layout/Sidebar.tsx
    ./src/app/dashboard/layout.tsx


./src/components/layout/TopDirectoryNav.tsx
Specified module format (CommonJs) is not matching the module format of the source code (EcmaScript Modules)
The CommonJs module format was specified in the package.json that is affecting this source file or by using an special extension, but Ecmascript 
import/export syntax is used in the source code.
The module was automatically converted to an EcmaScript module, but that is in conflict with the specified module format. Either change the "type" 
field in the package.json or replace EcmaScript import/export syntax with CommonJs syntas in the source file.
In some cases EcmaScript import/export syntax is added by an transform and isn't actually part of the source code. In these cases revisit 
transformation options to inject the correct syntax.

Import trace:
  Server Component:
    ./src/components/layout/TopDirectoryNav.tsx
    ./src/app/dashboard/layout.tsx


./src/components/theme-provider.tsx
Specified module format (CommonJs) is not matching the module format of the source code (EcmaScript Modules)
The CommonJs module format was specified in the package.json that is affecting this source file or by using an special extension, but Ecmascript 
import/export syntax is used in the source code.
The module was automatically converted to an EcmaScript module, but that is in conflict with the specified module format. Either change the "type" 
field in the package.json or replace EcmaScript import/export syntax with CommonJs syntas in the source file.
In some cases EcmaScript import/export syntax is added by an transform and isn't actually part of the source code. In these cases revisit 
transformation options to inject the correct syntax.

Import trace:
  Server Component:
    ./src/components/theme-provider.tsx
    ./src/app/layout.tsx


./src/components/ui/badge.tsx
Specified module format (CommonJs) is not matching the module format of the source code (EcmaScript Modules)
The CommonJs module format was specified in the package.json that is affecting this source file or by using an special extension, but Ecmascript 
import/export syntax is used in the source code.
The module was automatically converted to an EcmaScript module, but that is in conflict with the specified module format. Either change the "type" 
field in the package.json or replace EcmaScript import/export syntax with CommonJs syntas in the source file.
In some cases EcmaScript import/export syntax is added by an transform and isn't actually part of the source code. In these cases revisit 
transformation options to inject the correct syntax.

Import traces:
  Client Component Browser:
    ./src/components/ui/badge.tsx [Client Component Browser]
    ./src/components/journal/TradeList.tsx [Client Component Browser]
    ./src/app/dashboard/journal/page.tsx [Client Component Browser]
    ./src/app/dashboard/journal/page.tsx [Server Component]

  Client Component SSR:
    ./src/components/ui/badge.tsx [Client Component SSR]
    ./src/components/journal/TradeList.tsx [Client Component SSR]
    ./src/app/dashboard/journal/page.tsx [Client Component SSR]
    ./src/app/dashboard/journal/page.tsx [Server Component]


./src/components/ui/button.tsx
Specified module format (CommonJs) is not matching the module format of the source code (EcmaScript Modules)
The CommonJs module format was specified in the package.json that is affecting this source file or by using an special extension, but Ecmascript 
import/export syntax is used in the source code.
The module was automatically converted to an EcmaScript module, but that is in conflict with the specified module format. Either change the "type" 
field in the package.json or replace EcmaScript import/export syntax with CommonJs syntas in the source file.
In some cases EcmaScript import/export syntax is added by an transform and isn't actually part of the source code. In these cases revisit 
transformation options to inject the correct syntax.

Import traces:
  Client Component Browser:
    ./src/components/ui/button.tsx [Client Component Browser]
    ./src/app/dashboard/portfolio/page.tsx [Client Component Browser]
    ./src/app/dashboard/portfolio/page.tsx [Server Component]

  Client Component SSR:
    ./src/components/ui/button.tsx [Client Component SSR]
    ./src/app/dashboard/portfolio/page.tsx [Client Component SSR]
    ./src/app/dashboard/portfolio/page.tsx [Server Component]


./src/components/ui/calendar.tsx
Specified module format (CommonJs) is not matching the module format of the source code (EcmaScript Modules)
The CommonJs module format was specified in the package.json that is affecting this source file or by using an special extension, but Ecmascript 
import/export syntax is used in the source code.
The module was automatically converted to an EcmaScript module, but that is in conflict with the specified module format. Either change the "type" 
field in the package.json or replace EcmaScript import/export syntax with CommonJs syntas in the source file.
In some cases EcmaScript import/export syntax is added by an transform and isn't actually part of the source code. In these cases revisit 
transformation options to inject the correct syntax.

Import traces:
  Client Component Browser:
    ./src/components/ui/calendar.tsx [Client Component Browser]
    ./src/components/journal/JournalCalendar.tsx [Client Component Browser]
    ./src/app/dashboard/journal/page.tsx [Client Component Browser]
    ./src/app/dashboard/journal/page.tsx [Server Component]

  Client Component SSR:
    ./src/components/ui/calendar.tsx [Client Component SSR]
    ./src/components/journal/JournalCalendar.tsx [Client Component SSR]
    ./src/app/dashboard/journal/page.tsx [Client Component SSR]
    ./src/app/dashboard/journal/page.tsx [Server Component]


./src/components/ui/card.tsx
Specified module format (CommonJs) is not matching the module format of the source code (EcmaScript Modules)
The CommonJs module format was specified in the package.json that is affecting this source file or by using an special extension, but Ecmascript 
import/export syntax is used in the source code.
The module was automatically converted to an EcmaScript module, but that is in conflict with the specified module format. Either change the "type" 
field in the package.json or replace EcmaScript import/export syntax with CommonJs syntas in the source file.
In some cases EcmaScript import/export syntax is added by an transform and isn't actually part of the source code. In these cases revisit 
transformation options to inject the correct syntax.

Import traces:
  Server Component:
    ./src/components/ui/card.tsx
    ./src/app/features/page.tsx

  Client Component Browser:
    ./src/components/ui/card.tsx [Client Component Browser]
    ./src/app/dashboard/fno/page.tsx [Client Component Browser]
    ./src/app/dashboard/fno/page.tsx [Server Component]

  Client Component SSR:
    ./src/components/ui/card.tsx [Client Component SSR]
    ./src/app/dashboard/fno/page.tsx [Client Component SSR]
    ./src/app/dashboard/fno/page.tsx [Server Component]


./src/components/ui/context-menu.tsx
Specified module format (CommonJs) is not matching the module format of the source code (EcmaScript Modules)
The CommonJs module format was specified in the package.json that is affecting this source file or by using an special extension, but Ecmascript 
import/export syntax is used in the source code.
The module was automatically converted to an EcmaScript module, but that is in conflict with the specified module format. Either change the "type" 
field in the package.json or replace EcmaScript import/export syntax with CommonJs syntas in the source file.
In some cases EcmaScript import/export syntax is added by an transform and isn't actually part of the source code. In these cases revisit 
transformation options to inject the correct syntax.

Import traces:
  Client Component Browser:
    ./src/components/ui/context-menu.tsx [Client Component Browser]
    ./src/components/dashboard/MiniWatchlist.tsx [Client Component Browser]
    ./src/components/dashboard/TradeDashboard.tsx [Client Component Browser]
    ./src/components/dashboard/TradeDashboard.tsx [Server Component]
    ./src/app/dashboard/futures/page.tsx [Server Component]

  Client Component SSR:
    ./src/components/ui/context-menu.tsx [Client Component SSR]
    ./src/components/dashboard/MiniWatchlist.tsx [Client Component SSR]
    ./src/components/dashboard/TradeDashboard.tsx [Client Component SSR]
    ./src/components/dashboard/TradeDashboard.tsx [Server Component]
    ./src/app/dashboard/futures/page.tsx [Server Component]


./src/components/ui/dialog.tsx
Specified module format (CommonJs) is not matching the module format of the source code (EcmaScript Modules)
The CommonJs module format was specified in the package.json that is affecting this source file or by using an special extension, but Ecmascript 
import/export syntax is used in the source code.
The module was automatically converted to an EcmaScript module, but that is in conflict with the specified module format. Either change the "type" 
field in the package.json or replace EcmaScript import/export syntax with CommonJs syntas in the source file.
In some cases EcmaScript import/export syntax is added by an transform and isn't actually part of the source code. In these cases revisit 
transformation options to inject the correct syntax.

Import traces:
  Client Component Browser:
    ./src/components/ui/dialog.tsx [Client Component Browser]
    ./src/components/journal/TradeEditModal.tsx [Client Component Browser]
    ./src/app/dashboard/journal/page.tsx [Client Component Browser]
    ./src/app/dashboard/journal/page.tsx [Server Component]

  Client Component SSR:
    ./src/components/ui/dialog.tsx [Client Component SSR]
    ./src/components/journal/TradeEditModal.tsx [Client Component SSR]
    ./src/app/dashboard/journal/page.tsx [Client Component SSR]
    ./src/app/dashboard/journal/page.tsx [Server Component]


./src/components/ui/input.tsx
Specified module format (CommonJs) is not matching the module format of the source code (EcmaScript Modules)
The CommonJs module format was specified in the package.json that is affecting this source file or by using an special extension, but Ecmascript 
import/export syntax is used in the source code.
The module was automatically converted to an EcmaScript module, but that is in conflict with the specified module format. Either change the "type" 
field in the package.json or replace EcmaScript import/export syntax with CommonJs syntas in the source file.
In some cases EcmaScript import/export syntax is added by an transform and isn't actually part of the source code. In these cases revisit 
transformation options to inject the correct syntax.

Import traces:
  Client Component Browser:
    ./src/components/ui/input.tsx [Client Component Browser]
    ./src/app/login/page.tsx [Client Component Browser]
    ./src/app/login/page.tsx [Server Component]

  Client Component SSR:
    ./src/components/ui/input.tsx [Client Component SSR]
    ./src/app/login/page.tsx [Client Component SSR]
    ./src/app/login/page.tsx [Server Component]


./src/components/ui/label.tsx
Specified module format (CommonJs) is not matching the module format of the source code (EcmaScript Modules)
The CommonJs module format was specified in the package.json that is affecting this source file or by using an special extension, but Ecmascript 
import/export syntax is used in the source code.
The module was automatically converted to an EcmaScript module, but that is in conflict with the specified module format. Either change the "type" 
field in the package.json or replace EcmaScript import/export syntax with CommonJs syntas in the source file.
In some cases EcmaScript import/export syntax is added by an transform and isn't actually part of the source code. In these cases revisit 
transformation options to inject the correct syntax.

Import traces:
  Client Component Browser:
    ./src/components/ui/label.tsx [Client Component Browser]
    ./src/components/journal/TradeEditModal.tsx [Client Component Browser]
    ./src/app/dashboard/journal/page.tsx [Client Component Browser]
    ./src/app/dashboard/journal/page.tsx [Server Component]

  Client Component SSR:
    ./src/components/ui/label.tsx [Client Component SSR]
    ./src/components/journal/TradeEditModal.tsx [Client Component SSR]
    ./src/app/dashboard/journal/page.tsx [Client Component SSR]
    ./src/app/dashboard/journal/page.tsx [Server Component]


./src/components/ui/select.tsx
Specified module format (CommonJs) is not matching the module format of the source code (EcmaScript Modules)
The CommonJs module format was specified in the package.json that is affecting this source file or by using an special extension, but Ecmascript 
import/export syntax is used in the source code.
The module was automatically converted to an EcmaScript module, but that is in conflict with the specified module format. Either change the "type" 
field in the package.json or replace EcmaScript import/export syntax with CommonJs syntas in the source file.
In some cases EcmaScript import/export syntax is added by an transform and isn't actually part of the source code. In these cases revisit 
transformation options to inject the correct syntax.

Import traces:
  Client Component Browser:
    ./src/components/ui/select.tsx [Client Component Browser]
    ./src/components/journal/TradeEditModal.tsx [Client Component Browser]
    ./src/app/dashboard/journal/page.tsx [Client Component Browser]
    ./src/app/dashboard/journal/page.tsx [Server Component]

  Client Component SSR:
    ./src/components/ui/select.tsx [Client Component SSR]
    ./src/components/journal/TradeEditModal.tsx [Client Component SSR]
    ./src/app/dashboard/journal/page.tsx [Client Component SSR]
    ./src/app/dashboard/journal/page.tsx [Server Component]


./src/components/ui/table.tsx
Specified module format (CommonJs) is not matching the module format of the source code (EcmaScript Modules)
The CommonJs module format was specified in the package.json that is affecting this source file or by using an special extension, but Ecmascript 
import/export syntax is used in the source code.
The module was automatically converted to an EcmaScript module, but that is in conflict with the specified module format. Either change the "type" 
field in the package.json or replace EcmaScript import/export syntax with CommonJs syntas in the source file.
In some cases EcmaScript import/export syntax is added by an transform and isn't actually part of the source code. In these cases revisit 
transformation options to inject the correct syntax.

Import traces:
  Client Component Browser:
    ./src/components/ui/table.tsx [Client Component Browser]
    ./src/components/journal/TradeList.tsx [Client Component Browser]
    ./src/app/dashboard/journal/page.tsx [Client Component Browser]
    ./src/app/dashboard/journal/page.tsx [Server Component]

  Client Component SSR:
    ./src/components/ui/table.tsx [Client Component SSR]
    ./src/components/journal/TradeList.tsx [Client Component SSR]
    ./src/app/dashboard/journal/page.tsx [Client Component SSR]
    ./src/app/dashboard/journal/page.tsx [Server Component]


./src/components/ui/textarea.tsx
Specified module format (CommonJs) is not matching the module format of the source code (EcmaScript Modules)
The CommonJs module format was specified in the package.json that is affecting this source file or by using an special extension, but Ecmascript 
import/export syntax is used in the source code.
The module was automatically converted to an EcmaScript module, but that is in conflict with the specified module format. Either change the "type" 
field in the package.json or replace EcmaScript import/export syntax with CommonJs syntas in the source file.
In some cases EcmaScript import/export syntax is added by an transform and isn't actually part of the source code. In these cases revisit 
transformation options to inject the correct syntax.

Import traces:
  Client Component Browser:
    ./src/components/ui/textarea.tsx [Client Component Browser]
    ./src/components/journal/TradeEditModal.tsx [Client Component Browser]
    ./src/app/dashboard/journal/page.tsx [Client Component Browser]
    ./src/app/dashboard/journal/page.tsx [Server Component]

  Client Component SSR:
    ./src/components/ui/textarea.tsx [Client Component SSR]
    ./src/components/journal/TradeEditModal.tsx [Client Component SSR]
    ./src/app/dashboard/journal/page.tsx [Client Component SSR]
    ./src/app/dashboard/journal/page.tsx [Server Component]


./src/components/ui/theme-toggle.tsx
Specified module format (CommonJs) is not matching the module format of the source code (EcmaScript Modules)
The CommonJs module format was specified in the package.json that is affecting this source file or by using an special extension, but Ecmascript 
import/export syntax is used in the source code.
The module was automatically converted to an EcmaScript module, but that is in conflict with the specified module format. Either change the "type" 
field in the package.json or replace EcmaScript import/export syntax with CommonJs syntas in the source file.
In some cases EcmaScript import/export syntax is added by an transform and isn't actually part of the source code. In these cases revisit 
transformation options to inject the correct syntax.

Import traces:
  Client Component Browser:
    ./src/components/ui/theme-toggle.tsx [Client Component Browser]
    ./src/components/layout/Navbar.tsx [Client Component Browser]
    ./src/components/layout/Navbar.tsx [Server Component]
    ./src/app/leaderboard/page.tsx [Server Component]

  Client Component SSR:
    ./src/components/ui/theme-toggle.tsx [Client Component SSR]
    ./src/components/layout/Navbar.tsx [Client Component SSR]
    ./src/components/layout/Navbar.tsx [Server Component]
    ./src/app/leaderboard/page.tsx [Server Component]


./src/components/ui/tooltip.tsx
Specified module format (CommonJs) is not matching the module format of the source code (EcmaScript Modules)
The CommonJs module format was specified in the package.json that is affecting this source file or by using an special extension, but Ecmascript 
import/export syntax is used in the source code.
The module was automatically converted to an EcmaScript module, but that is in conflict with the specified module format. Either change the "type" 
field in the package.json or replace EcmaScript import/export syntax with CommonJs syntas in the source file.
In some cases EcmaScript import/export syntax is added by an transform and isn't actually part of the source code. In these cases revisit 
transformation options to inject the correct syntax.

Import traces:
  Client Component Browser:
    ./src/components/ui/tooltip.tsx [Client Component Browser]
    ./src/components/journal/TradeList.tsx [Client Component Browser]
    ./src/app/dashboard/journal/page.tsx [Client Component Browser]
    ./src/app/dashboard/journal/page.tsx [Server Component]

  Client Component SSR:
    ./src/components/ui/tooltip.tsx [Client Component SSR]
    ./src/components/journal/TradeList.tsx [Client Component SSR]
    ./src/app/dashboard/journal/page.tsx [Client Component SSR]
    ./src/app/dashboard/journal/page.tsx [Server Component]


./src/hooks/useMarketData.ts
Specified module format (CommonJs) is not matching the module format of the source code (EcmaScript Modules)
The CommonJs module format was specified in the package.json that is affecting this source file or by using an special extension, but Ecmascript 
import/export syntax is used in the source code.
The module was automatically converted to an EcmaScript module, but that is in conflict with the specified module format. Either change the "type" 
field in the package.json or replace EcmaScript import/export syntax with CommonJs syntas in the source file.
In some cases EcmaScript import/export syntax is added by an transform and isn't actually part of the source code. In these cases revisit 
transformation options to inject the correct syntax.

Import traces:
  Client Component Browser:
    ./src/hooks/useMarketData.ts [Client Component Browser]
    ./src/app/dashboard/watchlist/page.tsx [Client Component Browser]
    ./src/app/dashboard/watchlist/page.tsx [Server Component]

  Client Component SSR:
    ./src/hooks/useMarketData.ts [Client Component SSR]
    ./src/app/dashboard/watchlist/page.tsx [Client Component SSR]
    ./src/app/dashboard/watchlist/page.tsx [Server Component]


./src/hooks/usePortfolio.ts
Specified module format (CommonJs) is not matching the module format of the source code (EcmaScript Modules)
The CommonJs module format was specified in the package.json that is affecting this source file or by using an special extension, but Ecmascript 
import/export syntax is used in the source code.
The module was automatically converted to an EcmaScript module, but that is in conflict with the specified module format. Either change the "type" 
field in the package.json or replace EcmaScript import/export syntax with CommonJs syntas in the source file.
In some cases EcmaScript import/export syntax is added by an transform and isn't actually part of the source code. In these cases revisit 
transformation options to inject the correct syntax.

Import traces:
  Client Component Browser:
    ./src/hooks/usePortfolio.ts [Client Component Browser]
    ./src/app/dashboard/positions/page.tsx [Client Component Browser]
    ./src/app/dashboard/positions/page.tsx [Server Component]

  Client Component SSR:
    ./src/hooks/usePortfolio.ts [Client Component SSR]
    ./src/app/dashboard/positions/page.tsx [Client Component SSR]
    ./src/app/dashboard/positions/page.tsx [Server Component]


./src/lib/fo-utils.ts
Specified module format (CommonJs) is not matching the module format of the source code (EcmaScript Modules)
The CommonJs module format was specified in the package.json that is affecting this source file or by using an special extension, but Ecmascript 
import/export syntax is used in the source code.
The module was automatically converted to an EcmaScript module, but that is in conflict with the specified module format. Either change the "type" 
field in the package.json or replace EcmaScript import/export syntax with CommonJs syntas in the source file.
In some cases EcmaScript import/export syntax is added by an transform and isn't actually part of the source code. In these cases revisit 
transformation options to inject the correct syntax.

Import traces:
  App Route:
    ./src/lib/fo-utils.ts
    ./src/app/api/cron/leaderboard/route.ts

  Client Component Browser:
    ./src/lib/fo-utils.ts [Client Component Browser]
    ./src/components/dashboard/OptionChain.tsx [Client Component Browser]
    ./src/components/dashboard/OptionChain.tsx [Server Component]
    ./src/app/dashboard/options/chain/page.tsx [Server Component]

  Client Component SSR:
    ./src/lib/fo-utils.ts [Client Component SSR]
    ./src/components/dashboard/OptionChain.tsx [Client Component SSR]
    ./src/components/dashboard/OptionChain.tsx [Server Component]
    ./src/app/dashboard/options/chain/page.tsx [Server Component]


./src/lib/supabase/client.ts
Specified module format (CommonJs) is not matching the module format of the source code (EcmaScript Modules)
The CommonJs module format was specified in the package.json that is affecting this source file or by using an special extension, but Ecmascript 
import/export syntax is used in the source code.
The module was automatically converted to an EcmaScript module, but that is in conflict with the specified module format. Either change the "type" 
field in the package.json or replace EcmaScript import/export syntax with CommonJs syntas in the source file.
In some cases EcmaScript import/export syntax is added by an transform and isn't actually part of the source code. In these cases revisit 
transformation options to inject the correct syntax.

Import traces:
  Client Component Browser:
    ./src/lib/supabase/client.ts [Client Component Browser]
    ./src/components/auth/AuthProvider.tsx [Client Component Browser]
    ./src/components/layout/Navbar.tsx [Client Component Browser]
    ./src/components/layout/Navbar.tsx [Server Component]
    ./src/app/learn/page.tsx [Server Component]

  Client Component SSR:
    ./src/lib/supabase/client.ts [Client Component SSR]
    ./src/components/auth/AuthProvider.tsx [Client Component SSR]
    ./src/components/layout/Navbar.tsx [Client Component SSR]
    ./src/components/layout/Navbar.tsx [Server Component]
    ./src/app/learn/page.tsx [Server Component]


./src/lib/supabase/server.ts
Specified module format (CommonJs) is not matching the module format of the source code (EcmaScript Modules)
The CommonJs module format was specified in the package.json that is affecting this source file or by using an special extension, but Ecmascript 
import/export syntax is used in the source code.
The module was automatically converted to an EcmaScript module, but that is in conflict with the specified module format. Either change the "type" 
field in the package.json or replace EcmaScript import/export syntax with CommonJs syntas in the source file.
In some cases EcmaScript import/export syntax is added by an transform and isn't actually part of the source code. In these cases revisit 
transformation options to inject the correct syntax.

Import traces:
  App Route:
    ./src/lib/supabase/server.ts
    ./src/app/api/history/route.ts

  Server Component:
    ./src/lib/supabase/server.ts
    ./src/app/profile/[username]/page.tsx


./src/lib/utils.ts
Specified module format (CommonJs) is not matching the module format of the source code (EcmaScript Modules)
The CommonJs module format was specified in the package.json that is affecting this source file or by using an special extension, but Ecmascript 
import/export syntax is used in the source code.
The module was automatically converted to an EcmaScript module, but that is in conflict with the specified module format. Either change the "type" 
field in the package.json or replace EcmaScript import/export syntax with CommonJs syntas in the source file.
In some cases EcmaScript import/export syntax is added by an transform and isn't actually part of the source code. In these cases revisit 
transformation options to inject the correct syntax.

Import traces:
  Server Component:
    ./src/lib/utils.ts
    ./src/components/ui/card.tsx
    ./src/app/features/page.tsx

  Client Component Browser:
    ./src/lib/utils.ts [Client Component Browser]
    ./src/components/ui/button.tsx [Client Component Browser]
    ./src/components/layout/Navbar.tsx [Client Component Browser]
    ./src/components/layout/Navbar.tsx [Server Component]
    ./src/app/learn/page.tsx [Server Component]

  Client Component SSR:
    ./src/lib/utils.ts [Client Component SSR]
    ./src/components/ui/button.tsx [Client Component SSR]
    ./src/components/layout/Navbar.tsx [Client Component SSR]
    ./src/components/layout/Navbar.tsx [Server Component]
    ./src/app/learn/page.tsx [Server Component]


    at ignore-listed frames
